../Per_Driver/QSPI_Flash/Src/qspi_flash.c:31:26:QSPI_Flash_Init	24	static
../Per_Driver/QSPI_Flash/Src/qspi_flash.c:62:26:QSPI_Flash_Reset	72	static
../Per_Driver/QSPI_Flash/Src/qspi_flash.c:112:26:QSPI_Flash_ReadID	80	static
../Per_Driver/QSPI_Flash/Src/qspi_flash.c:150:26:QSPI_Flash_ReadJEDEC	80	static
../Per_Driver/QSPI_Flash/Src/qspi_flash.c:182:33:QSPI_Flash_BytesFromJedecDensity	16	static
../Per_Driver/QSPI_Flash/Src/qspi_flash.c:196:26:QSPI_Flash_GetSize	40	static
../Per_Driver/QSPI_Flash/Src/qspi_flash.c:224:26:QSPI_Flash_EraseSector	80	static
../Per_Driver/QSPI_Flash/Src/qspi_flash.c:262:26:QSPI_Flash_EraseBlock32K	80	static
../Per_Driver/QSPI_Flash/Src/qspi_flash.c:300:26:QSPI_Flash_EraseBlock64K	80	static
../Per_Driver/QSPI_Flash/Src/qspi_flash.c:338:26:QSPI_Flash_EraseChip	80	static
../Per_Driver/QSPI_Flash/Src/qspi_flash.c:374:26:QSPI_Flash_WritePage	88	static
../Per_Driver/QSPI_Flash/Src/qspi_flash.c:428:26:QSPI_Flash_Write	48	static
../Per_Driver/QSPI_Flash/Src/qspi_flash.c:463:26:QSPI_Flash_Read	88	static
../Per_Driver/QSPI_Flash/Src/qspi_flash.c:501:26:QSPI_Flash_EnableMemoryMappedMode	80	static
../Per_Driver/QSPI_Flash/Src/qspi_flash.c:536:33:QSPI_Flash_WriteEnable	104	static
../Per_Driver/QSPI_Flash/Src/qspi_flash.c:574:33:QSPI_Flash_AutoPollingMemReady	96	static
../Per_Driver/QSPI_Flash/Src/qspi_flash.c:602:33:QSPI_Flash_HALToStatus	16	static
