../Per_Driver/QSPI_Flash/Src/qspi_flash.c:29:26:QSPI_Flash_Init	24	static
../Per_Driver/QSPI_Flash/Src/qspi_flash.c:60:26:QSPI_Flash_Reset	72	static
../Per_Driver/QSPI_Flash/Src/qspi_flash.c:110:26:QSPI_Flash_ReadID	80	static
../Per_Driver/QSPI_Flash/Src/qspi_flash.c:148:26:QSPI_Flash_EraseSector	80	static
../Per_Driver/QSPI_Flash/Src/qspi_flash.c:186:26:QSPI_Flash_EraseBlock32K	80	static
../Per_Driver/QSPI_Flash/Src/qspi_flash.c:224:26:QSPI_Flash_EraseBlock64K	80	static
../Per_Driver/QSPI_Flash/Src/qspi_flash.c:262:26:QSPI_Flash_EraseChip	80	static
../Per_Driver/QSPI_Flash/Src/qspi_flash.c:298:26:QSPI_Flash_WritePage	88	static
../Per_Driver/QSPI_Flash/Src/qspi_flash.c:352:26:QSPI_Flash_Write	48	static
../Per_Driver/QSPI_Flash/Src/qspi_flash.c:387:26:QSPI_Flash_Read	88	static
../Per_Driver/QSPI_Flash/Src/qspi_flash.c:425:26:QSPI_Flash_EnableMemoryMappedMode	80	static
../Per_Driver/QSPI_Flash/Src/qspi_flash.c:460:33:QSPI_Flash_WriteEnable	104	static
../Per_Driver/QSPI_Flash/Src/qspi_flash.c:498:33:QSPI_Flash_AutoPollingMemReady	96	static
../Per_Driver/QSPI_Flash/Src/qspi_flash.c:526:33:QSPI_Flash_HALToStatus	16	static
