Archive member included to satisfy reference by file (symbol)

C:/ST/STM32CubeIDE_1.18.1/STM32CubeIDE/plugins/com.st.stm32cube.ide.mcu.externaltools.gnu-tools-for-stm32.13.3.rel1.win32_1.0.0.202411081344/tools/bin/../lib/gcc/arm-none-eabi/13.3.1/../../../../arm-none-eabi/lib/thumb/v7e-m+dp/hard\libc_nano.a(libc_a-exit.o)
                              C:/ST/STM32CubeIDE_1.18.1/STM32CubeIDE/plugins/com.st.stm32cube.ide.mcu.externaltools.gnu-tools-for-stm32.13.3.rel1.win32_1.0.0.202411081344/tools/bin/../lib/gcc/arm-none-eabi/13.3.1/../../../../arm-none-eabi/lib/thumb/v7e-m+dp/hard/crt0.o (exit)
C:/ST/STM32CubeIDE_1.18.1/STM32CubeIDE/plugins/com.st.stm32cube.ide.mcu.externaltools.gnu-tools-for-stm32.13.3.rel1.win32_1.0.0.202411081344/tools/bin/../lib/gcc/arm-none-eabi/13.3.1/../../../../arm-none-eabi/lib/thumb/v7e-m+dp/hard\libc_nano.a(libc_a-findfp.o)
                              C:/ST/STM32CubeIDE_1.18.1/STM32CubeIDE/plugins/com.st.stm32cube.ide.mcu.externaltools.gnu-tools-for-stm32.13.3.rel1.win32_1.0.0.202411081344/tools/bin/../lib/gcc/arm-none-eabi/13.3.1/../../../../arm-none-eabi/lib/thumb/v7e-m+dp/hard\libc_nano.a(libc_a-exit.o) (__stdio_exit_handler)
C:/ST/STM32CubeIDE_1.18.1/STM32CubeIDE/plugins/com.st.stm32cube.ide.mcu.externaltools.gnu-tools-for-stm32.13.3.rel1.win32_1.0.0.202411081344/tools/bin/../lib/gcc/arm-none-eabi/13.3.1/../../../../arm-none-eabi/lib/thumb/v7e-m+dp/hard\libc_nano.a(libc_a-fwalk.o)
                              C:/ST/STM32CubeIDE_1.18.1/STM32CubeIDE/plugins/com.st.stm32cube.ide.mcu.externaltools.gnu-tools-for-stm32.13.3.rel1.win32_1.0.0.202411081344/tools/bin/../lib/gcc/arm-none-eabi/13.3.1/../../../../arm-none-eabi/lib/thumb/v7e-m+dp/hard\libc_nano.a(libc_a-findfp.o) (_fwalk_sglue)
C:/ST/STM32CubeIDE_1.18.1/STM32CubeIDE/plugins/com.st.stm32cube.ide.mcu.externaltools.gnu-tools-for-stm32.13.3.rel1.win32_1.0.0.202411081344/tools/bin/../lib/gcc/arm-none-eabi/13.3.1/../../../../arm-none-eabi/lib/thumb/v7e-m+dp/hard\libc_nano.a(libc_a-sprintf.o)
                              ./Per_Driver/SPI4_LCD/Src/lcd_app.o (sprintf)
C:/ST/STM32CubeIDE_1.18.1/STM32CubeIDE/plugins/com.st.stm32cube.ide.mcu.externaltools.gnu-tools-for-stm32.13.3.rel1.win32_1.0.0.202411081344/tools/bin/../lib/gcc/arm-none-eabi/13.3.1/../../../../arm-none-eabi/lib/thumb/v7e-m+dp/hard\libc_nano.a(libc_a-stdio.o)
                              C:/ST/STM32CubeIDE_1.18.1/STM32CubeIDE/plugins/com.st.stm32cube.ide.mcu.externaltools.gnu-tools-for-stm32.13.3.rel1.win32_1.0.0.202411081344/tools/bin/../lib/gcc/arm-none-eabi/13.3.1/../../../../arm-none-eabi/lib/thumb/v7e-m+dp/hard\libc_nano.a(libc_a-findfp.o) (__sread)
C:/ST/STM32CubeIDE_1.18.1/STM32CubeIDE/plugins/com.st.stm32cube.ide.mcu.externaltools.gnu-tools-for-stm32.13.3.rel1.win32_1.0.0.202411081344/tools/bin/../lib/gcc/arm-none-eabi/13.3.1/../../../../arm-none-eabi/lib/thumb/v7e-m+dp/hard\libc_nano.a(libc_a-memset.o)
                              C:/ST/STM32CubeIDE_1.18.1/STM32CubeIDE/plugins/com.st.stm32cube.ide.mcu.externaltools.gnu-tools-for-stm32.13.3.rel1.win32_1.0.0.202411081344/tools/bin/../lib/gcc/arm-none-eabi/13.3.1/../../../../arm-none-eabi/lib/thumb/v7e-m+dp/hard/crt0.o (memset)
C:/ST/STM32CubeIDE_1.18.1/STM32CubeIDE/plugins/com.st.stm32cube.ide.mcu.externaltools.gnu-tools-for-stm32.13.3.rel1.win32_1.0.0.202411081344/tools/bin/../lib/gcc/arm-none-eabi/13.3.1/../../../../arm-none-eabi/lib/thumb/v7e-m+dp/hard\libc_nano.a(libc_a-closer.o)
                              C:/ST/STM32CubeIDE_1.18.1/STM32CubeIDE/plugins/com.st.stm32cube.ide.mcu.externaltools.gnu-tools-for-stm32.13.3.rel1.win32_1.0.0.202411081344/tools/bin/../lib/gcc/arm-none-eabi/13.3.1/../../../../arm-none-eabi/lib/thumb/v7e-m+dp/hard\libc_nano.a(libc_a-stdio.o) (_close_r)
C:/ST/STM32CubeIDE_1.18.1/STM32CubeIDE/plugins/com.st.stm32cube.ide.mcu.externaltools.gnu-tools-for-stm32.13.3.rel1.win32_1.0.0.202411081344/tools/bin/../lib/gcc/arm-none-eabi/13.3.1/../../../../arm-none-eabi/lib/thumb/v7e-m+dp/hard\libc_nano.a(libc_a-reent.o)
                              C:/ST/STM32CubeIDE_1.18.1/STM32CubeIDE/plugins/com.st.stm32cube.ide.mcu.externaltools.gnu-tools-for-stm32.13.3.rel1.win32_1.0.0.202411081344/tools/bin/../lib/gcc/arm-none-eabi/13.3.1/../../../../arm-none-eabi/lib/thumb/v7e-m+dp/hard\libc_nano.a(libc_a-closer.o) (errno)
C:/ST/STM32CubeIDE_1.18.1/STM32CubeIDE/plugins/com.st.stm32cube.ide.mcu.externaltools.gnu-tools-for-stm32.13.3.rel1.win32_1.0.0.202411081344/tools/bin/../lib/gcc/arm-none-eabi/13.3.1/../../../../arm-none-eabi/lib/thumb/v7e-m+dp/hard\libc_nano.a(libc_a-impure.o)
                              C:/ST/STM32CubeIDE_1.18.1/STM32CubeIDE/plugins/com.st.stm32cube.ide.mcu.externaltools.gnu-tools-for-stm32.13.3.rel1.win32_1.0.0.202411081344/tools/bin/../lib/gcc/arm-none-eabi/13.3.1/../../../../arm-none-eabi/lib/thumb/v7e-m+dp/hard\libc_nano.a(libc_a-sprintf.o) (_impure_ptr)
[...]
Memory Configuration

Name             Origin             Length             Attributes
FLASH            0x08000000         0x00020000         xr
DTCMRAM          0x20000000         0x00020000         xrw
RAM_D1           0x24000000         0x00080000         xrw
RAM_D2           0x30000000         0x00048000         xrw
RAM_D3           0x38000000         0x00010000         xrw
ITCMRAM          0x00000000         0x00010000         xrw
*default*        0x00000000         0xffffffff

Linker script and memory map

LOAD C:/ST/STM32CubeIDE_1.18.1/STM32CubeIDE/plugins/com.st.stm32cube.ide.mcu.externaltools.gnu-tools-for-stm32.13.3.rel1.win32_1.0.0.202411081344/tools/bin/../lib/gcc/arm-none-eabi/13.3.1/thumb/v7e-m+dp/hard/crti.o
LOAD C:/ST/STM32CubeIDE_1.18.1/STM32CubeIDE/plugins/com.st.stm32cube.ide.mcu.externaltools.gnu-tools-for-stm32.13.3.rel1.win32_1.0.0.202411081344/tools/bin/../lib/gcc/arm-none-eabi/13.3.1/thumb/v7e-m+dp/hard/crtbegin.o
LOAD C:/ST/STM32CubeIDE_1.18.1/STM32CubeIDE/plugins/com.st.stm32cube.ide.mcu.externaltools.gnu-tools-for-stm32.13.3.rel1.win32_1.0.0.202411081344/tools/bin/../lib/gcc/arm-none-eabi/13.3.1/../../../../arm-none-eabi/lib/thumb/v7e-m+dp/hard/crt0.o
LOAD ./Core/Src/main.o
LOAD ./Core/Src/stm32h7xx_hal_msp.o
LOAD ./Core/Src/stm32h7xx_it.o
LOAD ./Core/Src/syscalls.o
LOAD ./Core/Src/sysmem.o
LOAD ./Core/Src/system_stm32h7xx.o
LOAD ./Core/Startup/startup_stm32h750vbtx.o
LOAD ./Drivers/STM32H7xx_HAL_Driver/Src/stm32h7xx_hal.o
LOAD ./Drivers/STM32H7xx_HAL_Driver/Src/stm32h7xx_hal_cortex.o
LOAD ./Drivers/STM32H7xx_HAL_Driver/Src/stm32h7xx_hal_dma.o
LOAD ./Drivers/STM32H7xx_HAL_Driver/Src/stm32h7xx_hal_dma_ex.o
LOAD ./Drivers/STM32H7xx_HAL_Driver/Src/stm32h7xx_hal_exti.o
LOAD ./Drivers/STM32H7xx_HAL_Driver/Src/stm32h7xx_hal_flash.o
LOAD ./Drivers/STM32H7xx_HAL_Driver/Src/stm32h7xx_hal_flash_ex.o
LOAD ./Drivers/STM32H7xx_HAL_Driver/Src/stm32h7xx_hal_gpio.o
LOAD ./Drivers/STM32H7xx_HAL_Driver/Src/stm32h7xx_hal_hsem.o
LOAD ./Drivers/STM32H7xx_HAL_Driver/Src/stm32h7xx_hal_i2c.o
LOAD ./Drivers/STM32H7xx_HAL_Driver/Src/stm32h7xx_hal_i2c_ex.o
LOAD ./Drivers/STM32H7xx_HAL_Driver/Src/stm32h7xx_hal_mdma.o
LOAD ./Drivers/STM32H7xx_HAL_Driver/Src/stm32h7xx_hal_pwr.o
LOAD ./Drivers/STM32H7xx_HAL_Driver/Src/stm32h7xx_hal_pwr_ex.o
LOAD ./Drivers/STM32H7xx_HAL_Driver/Src/stm32h7xx_hal_qspi.o
LOAD ./Drivers/STM32H7xx_HAL_Driver/Src/stm32h7xx_hal_rcc.o
LOAD ./Drivers/STM32H7xx_HAL_Driver/Src/stm32h7xx_hal_rcc_ex.o
LOAD ./Drivers/STM32H7xx_HAL_Driver/Src/stm32h7xx_hal_spi.o
LOAD ./Drivers/STM32H7xx_HAL_Driver/Src/stm32h7xx_hal_spi_ex.o
LOAD ./Drivers/STM32H7xx_HAL_Driver/Src/stm32h7xx_hal_tim.o
LOAD ./Drivers/STM32H7xx_HAL_Driver/Src/stm32h7xx_hal_tim_ex.o
LOAD ./Drivers/STM32H7xx_HAL_Driver/Src/stm32h7xx_ll_delayblock.o
LOAD ./Per_Driver/QSPI_Flash/Src/qspi_flash.o
LOAD ./Per_Driver/SPI4_LCD/Src/lcd_app.o
LOAD ./Per_Driver/SPI4_LCD/Src/lcd_asset_logo_128_160.o
LOAD ./Per_Driver/SPI4_LCD/Src/lcd_asset_logo_160_80.o
LOAD ./Per_Driver/SPI4_LCD/Src/lcd_driver_st7735.o
LOAD ./Per_Driver/SPI4_LCD/Src/lcd_driver_st7735_reg.o
LOAD ./Per_Driver/SPI4_LCD/Src/lcd_mcal.o
START GROUP
LOAD C:/ST/STM32CubeIDE_1.18.1/STM32CubeIDE/plugins/com.st.stm32cube.ide.mcu.externaltools.gnu-tools-for-stm32.13.3.rel1.win32_1.0.0.202411081344/tools/bin/../lib/gcc/arm-none-eabi/13.3.1/../../../../arm-none-eabi/lib/thumb/v7e-m+dp/hard\libc_nano.a
LOAD C:/ST/STM32CubeIDE_1.18.1/STM32CubeIDE/plugins/com.st.stm32cube.ide.mcu.externaltools.gnu-tools-for-stm32.13.3.rel1.win32_1.0.0.202411081344/tools/bin/../lib/gcc/arm-none-eabi/13.3.1/../../../../arm-none-eabi/lib/thumb/v7e-m+dp/hard\libm.a
END GROUP
START GROUP
LOAD C:/ST/STM32CubeIDE_1.18.1/STM32CubeIDE/plugins/com.st.stm32cube.ide.mcu.externaltools.gnu-tools-for-stm32.13.3.rel1.win32_1.0.0.202411081344/tools/bin/../lib/gcc/arm-none-eabi/13.3.1/thumb/v7e-m+dp/hard\libgcc.a
LOAD C:/ST/STM32CubeIDE_1.18.1/STM32CubeIDE/plugins/com.st.stm32cube.ide.mcu.externaltools.gnu-tools-for-stm32.13.3.rel1.win32_1.0.0.202411081344/tools/bin/../lib/gcc/arm-none-eabi/13.3.1/../../../../arm-none-eabi/lib/thumb/v7e-m+dp/hard\libc_nano.a
END GROUP
START GROUP
LOAD C:/ST/STM32CubeIDE_1.18.1/STM32CubeIDE/plugins/com.st.stm32cube.ide.mcu.externaltools.gnu-tools-for-stm32.13.3.rel1.win32_1.0.0.202411081344/tools/bin/../lib/gcc/arm-none-eabi/13.3.1/thumb/v7e-m+dp/hard\libgcc.a
LOAD C:/ST/STM32CubeIDE_1.18.1/STM32CubeIDE/plugins/com.st.stm32cube.ide.mcu.externaltools.gnu-tools-for-stm32.13.3.rel1.win32_1.0.0.202411081344/tools/bin/../lib/gcc/arm-none-eabi/13.3.1/../../../../arm-none-eabi/lib/thumb/v7e-m+dp/hard\libc_nano.a
LOAD C:/ST/STM32CubeIDE_1.18.1/STM32CubeIDE/plugins/com.st.stm32cube.ide.mcu.externaltools.gnu-tools-for-stm32.13.3.rel1.win32_1.0.0.202411081344/tools/bin/../lib/gcc/arm-none-eabi/13.3.1/../../../../arm-none-eabi/lib/thumb/v7e-m+dp/hard\libnosys.a
END GROUP
START GROUP
LOAD C:/ST/STM32CubeIDE_1.18.1/STM32CubeIDE/plugins/com.st.stm32cube.ide.mcu.externaltools.gnu-tools-for-stm32.13.3.rel1.win32_1.0.0.202411081344/tools/bin/../lib/gcc/arm-none-eabi/13.3.1/thumb/v7e-m+dp/hard\libgcc.a
LOAD C:/ST/STM32CubeIDE_1.18.1/STM32CubeIDE/plugins/com.st.stm32cube.ide.mcu.externaltools.gnu-tools-for-stm32.13.3.rel1.win32_1.0.0.202411081344/tools/bin/../lib/gcc/arm-none-eabi/13.3.1/../../../../arm-none-eabi/lib/thumb/v7e-m+dp/hard\libc_nano.a
LOAD C:/ST/STM32CubeIDE_1.18.1/STM32CubeIDE/plugins/com.st.stm32cube.ide.mcu.externaltools.gnu-tools-for-stm32.13.3.rel1.win32_1.0.0.202411081344/tools/bin/../lib/gcc/arm-none-eabi/13.3.1/../../../../arm-none-eabi/lib/thumb/v7e-m+dp/hard\libnosys.a
END GROUP
LOAD C:/ST/STM32CubeIDE_1.18.1/STM32CubeIDE/plugins/com.st.stm32cube.ide.mcu.externaltools.gnu-tools-for-stm32.13.3.rel1.win32_1.0.0.202411081344/tools/bin/../lib/gcc/arm-none-eabi/13.3.1/thumb/v7e-m+dp/hard/crtend.o
LOAD C:/ST/STM32CubeIDE_1.18.1/STM32CubeIDE/plugins/com.st.stm32cube.ide.mcu.externaltools.gnu-tools-for-stm32.13.3.rel1.win32_1.0.0.202411081344/tools/bin/../lib/gcc/arm-none-eabi/13.3.1/thumb/v7e-m+dp/hard/crtn.o
                0x24080000                        _estack = (ORIGIN (RAM_D1) + LENGTH (RAM_D1))
                0x00000200                        _Min_Heap_Size = 0x200
                0x00000400                        _Min_Stack_Size = 0x400

.isr_vector     0x08000000      0x298
                0x08000000                        . = ALIGN (0x4)
 *(.isr_vector)
 .isr_vector    0x08000000      0x298 ./Core/Startup/startup_stm32h750vbtx.o
                0x08000000                g_pfnVectors
                0x08000298                        . = ALIGN (0x4)

.text           0x08000298     0x7d1c
                0x08000298                        . = ALIGN (0x4)
 *(.text)
 .text          0x08000298       0x40 C:/ST/STM32CubeIDE_1.18.1/STM32CubeIDE/plugins/com.st.stm32cube.ide.mcu.externaltools.gnu-tools-for-stm32.13.3.rel1.win32_1.0.0.202411081344/tools/bin/../lib/gcc/arm-none-eabi/13.3.1/thumb/v7e-m+dp/hard/crtbegin.o
 *(.text*)
 .text.main     0x080002d8       0xa4 ./Core/Src/main.o
                0x080002d8                main
 .text.SystemClock_Config
                0x0800037c       0xf8 ./Core/Src/main.o
                0x0800037c                SystemClock_Config
 .text.MX_QUADSPI_Init
                0x08000474       0x58 ./Core/Src/main.o
 .text.MX_SPI4_Init
                0x080004cc       0xac ./Core/Src/main.o
 .text.MX_TIM1_Init
                0x08000578      0x120 ./Core/Src/main.o
 .text.MX_GPIO_Init
                0x08000698       0xe8 ./Core/Src/main.o
 .text.MPU_Config
                0x08000780       0x58 ./Core/Src/main.o
 .text.Error_Handler
                0x080007d8        0xc ./Core/Src/main.o
                0x080007d8                Error_Handler
 .text.HAL_MspInit
                0x080007e4       0x34 ./Core/Src/stm32h7xx_hal_msp.o
                0x080007e4                HAL_MspInit
 .text.HAL_QSPI_MspInit
                0x08000818      0x194 ./Core/Src/stm32h7xx_hal_msp.o
                0x08000818                HAL_QSPI_MspInit
 .text.HAL_SPI_MspInit
                0x080009ac       0xd0 ./Core/Src/stm32h7xx_hal_msp.o
                0x080009ac                HAL_SPI_MspInit
 .text.HAL_TIM_PWM_MspInit
                0x08000a7c       0x44 ./Core/Src/stm32h7xx_hal_msp.o
                0x08000a7c                HAL_TIM_PWM_MspInit
 .text.HAL_TIM_MspPostInit
                0x08000ac0       0x78 ./Core/Src/stm32h7xx_hal_msp.o
                0x08000ac0                HAL_TIM_MspPostInit
 .text.NMI_Handler
                0x08000b38        0x8 ./Core/Src/stm32h7xx_it.o
                0x08000b38                NMI_Handler
 .text.HardFault_Handler
                0x08000b40        0x8 ./Core/Src/stm32h7xx_it.o
                0x08000b40                HardFault_Handler
 .text.MemManage_Handler
                0x08000b48        0x8 ./Core/Src/stm32h7xx_it.o
                0x08000b48                MemManage_Handler
 .text.BusFault_Handler
                0x08000b50        0x8 ./Core/Src/stm32h7xx_it.o
                0x08000b50                BusFault_Handler
 .text.UsageFault_Handler
                0x08000b58        0x8 ./Core/Src/stm32h7xx_it.o
                0x08000b58                UsageFault_Handler
 .text.SVC_Handler
                0x08000b60        0xe ./Core/Src/stm32h7xx_it.o
                0x08000b60                SVC_Handler
 .text.DebugMon_Handler
                0x08000b6e        0xe ./Core/Src/stm32h7xx_it.o
                0x08000b6e                DebugMon_Handler
 .text.PendSV_Handler
                0x08000b7c        0xe ./Core/Src/stm32h7xx_it.o
                0x08000b7c                PendSV_Handler
 .text.SysTick_Handler
                0x08000b8a        0xc ./Core/Src/stm32h7xx_it.o
                0x08000b8a                SysTick_Handler
 *fill*         0x08000b96        0x2 
 .text.SystemInit
                0x08000b98      0x140 ./Core/Src/system_stm32h7xx.o
                0x08000b98                SystemInit
 .text.ExitRun0Mode
                0x08000cd8       0x30 ./Core/Src/system_stm32h7xx.o
                0x08000cd8                ExitRun0Mode
 .text.Reset_Handler
                0x08000d08       0x54 ./Core/Startup/startup_stm32h750vbtx.o
                0x08000d08                Reset_Handler
 .text.Default_Handler
                0x08000d5c        0x2 ./Core/Startup/startup_stm32h750vbtx.o
                0x08000d5c                RTC_Alarm_IRQHandler
                0x08000d5c                HASH_RNG_IRQHandler
                0x08000d5c                EXTI2_IRQHandler
                0x08000d5c                TIM8_CC_IRQHandler
                0x08000d5c                HRTIM1_Master_IRQHandler
                0x08000d5c                UART8_IRQHandler
                0x08000d5c                SPI4_IRQHandler
                0x08000d5c                TIM1_CC_IRQHandler
                0x08000d5c                BDMA_Channel6_IRQHandler
                0x08000d5c                DMA2_Stream5_IRQHandler
                0x08000d5c                HRTIM1_FLT_IRQHandler
                0x08000d5c                JPEG_IRQHandler
                0x08000d5c                DMA1_Stream5_IRQHandler
                0x08000d5c                BDMA_Channel1_IRQHandler
                0x08000d5c                HRTIM1_TIMD_IRQHandler
                0x08000d5c                TAMP_STAMP_IRQHandler
                0x08000d5c                EXTI3_IRQHandler
                0x08000d5c                LPTIM4_IRQHandler
                0x08000d5c                TIM8_TRG_COM_TIM14_IRQHandler
                0x08000d5c                LPTIM2_IRQHandler
                0x08000d5c                DFSDM1_FLT1_IRQHandler
                0x08000d5c                DMAMUX2_OVR_IRQHandler
                0x08000d5c                TIM8_UP_TIM13_IRQHandler
                0x08000d5c                I2C3_ER_IRQHandler
                0x08000d5c                DFSDM1_FLT2_IRQHandler
                0x08000d5c                MDMA_IRQHandler
                0x08000d5c                LPTIM3_IRQHandler
                0x08000d5c                HSEM1_IRQHandler
                0x08000d5c                EXTI0_IRQHandler
                0x08000d5c                I2C2_EV_IRQHandler
                0x08000d5c                DMA1_Stream2_IRQHandler
                0x08000d5c                FPU_IRQHandler
                0x08000d5c                OTG_HS_WKUP_IRQHandler
                0x08000d5c                FDCAN1_IT1_IRQHandler
                0x08000d5c                LTDC_ER_IRQHandler
                0x08000d5c                DMA2_Stream2_IRQHandler
                0x08000d5c                HRTIM1_TIME_IRQHandler
                0x08000d5c                SPI1_IRQHandler
                0x08000d5c                TIM6_DAC_IRQHandler
                0x08000d5c                DCMI_IRQHandler
                0x08000d5c                HRTIM1_TIMC_IRQHandler
                0x08000d5c                DMA2_Stream3_IRQHandler
                0x08000d5c                SAI2_IRQHandler
                0x08000d5c                DFSDM1_FLT3_IRQHandler
                0x08000d5c                USART6_IRQHandler
                0x08000d5c                TIM17_IRQHandler
                0x08000d5c                USART3_IRQHandler
                0x08000d5c                BDMA_Channel7_IRQHandler
                0x08000d5c                CRYP_IRQHandler
                0x08000d5c                LPTIM5_IRQHandler
                0x08000d5c                UART5_IRQHandler
                0x08000d5c                ADC3_IRQHandler
                0x08000d5c                DMA2_Stream0_IRQHandler
                0x08000d5c                TIM4_IRQHandler
                0x08000d5c                BDMA_Channel2_IRQHandler
                0x08000d5c                QUADSPI_IRQHandler
                0x08000d5c                I2C1_EV_IRQHandler
                0x08000d5c                DMA1_Stream6_IRQHandler
                0x08000d5c                DMAMUX1_OVR_IRQHandler
                0x08000d5c                DMA1_Stream1_IRQHandler
                0x08000d5c                TIM16_IRQHandler
                0x08000d5c                UART4_IRQHandler
                0x08000d5c                BDMA_Channel5_IRQHandler
                0x08000d5c                TIM3_IRQHandler
                0x08000d5c                RCC_IRQHandler
                0x08000d5c                TIM8_BRK_TIM12_IRQHandler
                0x08000d5c                TIM1_TRG_COM_IRQHandler
                0x08000d5c                Default_Handler
                0x08000d5c                ECC_IRQHandler
                0x08000d5c                CEC_IRQHandler
                0x08000d5c                EXTI15_10_IRQHandler
                0x08000d5c                BDMA_Channel0_IRQHandler
                0x08000d5c                ADC_IRQHandler
                0x08000d5c                DMA1_Stream7_IRQHandler
                0x08000d5c                HRTIM1_TIMA_IRQHandler
                0x08000d5c                SPI5_IRQHandler
                0x08000d5c                TIM7_IRQHandler
                0x08000d5c                SDMMC1_IRQHandler
                0x08000d5c                TIM5_IRQHandler
                0x08000d5c                DMA2_Stream7_IRQHandler
                0x08000d5c                TIM15_IRQHandler
                0x08000d5c                PVD_AVD_IRQHandler
                0x08000d5c                I2C3_EV_IRQHandler
                0x08000d5c                EXTI9_5_IRQHandler
                0x08000d5c                RTC_WKUP_IRQHandler
                0x08000d5c                LTDC_IRQHandler
                0x08000d5c                SAI3_IRQHandler
                0x08000d5c                ETH_WKUP_IRQHandler
                0x08000d5c                SPDIF_RX_IRQHandler
                0x08000d5c                SPI2_IRQHandler
                0x08000d5c                OTG_HS_EP1_IN_IRQHandler
                0x08000d5c                DMA1_Stream0_IRQHandler
                0x08000d5c                CRS_IRQHandler
                0x08000d5c                EXTI4_IRQHandler
                0x08000d5c                HRTIM1_TIMB_IRQHandler
                0x08000d5c                FDCAN2_IT1_IRQHandler
                0x08000d5c                ETH_IRQHandler
                0x08000d5c                TIM1_UP_IRQHandler
                0x08000d5c                BDMA_Channel4_IRQHandler
                0x08000d5c                OTG_HS_EP1_OUT_IRQHandler
                0x08000d5c                WWDG_IRQHandler
                0x08000d5c                SPI6_IRQHandler
                0x08000d5c                MDIOS_IRQHandler
                0x08000d5c                I2C4_EV_IRQHandler
                0x08000d5c                FDCAN2_IT0_IRQHandler
                0x08000d5c                LPUART1_IRQHandler
                0x08000d5c                FDCAN1_IT0_IRQHandler
                0x08000d5c                TIM2_IRQHandler
                0x08000d5c                OTG_FS_WKUP_IRQHandler
                0x08000d5c                OTG_HS_IRQHandler
                0x08000d5c                DMA2D_IRQHandler
                0x08000d5c                TIM1_BRK_IRQHandler
                0x08000d5c                EXTI1_IRQHandler
                0x08000d5c                SDMMC2_IRQHandler
                0x08000d5c                OTG_FS_EP1_OUT_IRQHandler
                0x08000d5c                BDMA_Channel3_IRQHandler
                0x08000d5c                UART7_IRQHandler
                0x08000d5c                MDIOS_WKUP_IRQHandler
                0x08000d5c                USART2_IRQHandler
                0x08000d5c                DFSDM1_FLT0_IRQHandler
                0x08000d5c                SAI4_IRQHandler
                0x08000d5c                I2C2_ER_IRQHandler
                0x08000d5c                DMA2_Stream1_IRQHandler
                0x08000d5c                FLASH_IRQHandler
                0x08000d5c                DMA2_Stream4_IRQHandler
                0x08000d5c                USART1_IRQHandler
                0x08000d5c                OTG_FS_IRQHandler
                0x08000d5c                SPI3_IRQHandler
                0x08000d5c                WAKEUP_PIN_IRQHandler
                0x08000d5c                DMA1_Stream4_IRQHandler
                0x08000d5c                OTG_FS_EP1_IN_IRQHandler
                0x08000d5c                I2C1_ER_IRQHandler
                0x08000d5c                FMC_IRQHandler
                0x08000d5c                FDCAN_CAL_IRQHandler
                0x08000d5c                SWPMI1_IRQHandler
                0x08000d5c                COMP1_IRQHandler
                0x08000d5c                LPTIM1_IRQHandler
                0x08000d5c                I2C4_ER_IRQHandler
                0x08000d5c                DMA2_Stream6_IRQHandler
                0x08000d5c                SAI1_IRQHandler
                0x08000d5c                DMA1_Stream3_IRQHandler
 *fill*         0x08000d5e        0x2 
 .text.HAL_Init
                0x08000d60       0x78 ./Drivers/STM32H7xx_HAL_Driver/Src/stm32h7xx_hal.o
                0x08000d60                HAL_Init
 .text.HAL_InitTick
                0x08000dd8       0x6c ./Drivers/STM32H7xx_HAL_Driver/Src/stm32h7xx_hal.o
                0x08000dd8                HAL_InitTick
 .text.HAL_IncTick
                0x08000e44       0x28 ./Drivers/STM32H7xx_HAL_Driver/Src/stm32h7xx_hal.o
                0x08000e44                HAL_IncTick
 .text.HAL_GetTick
                0x08000e6c       0x18 ./Drivers/STM32H7xx_HAL_Driver/Src/stm32h7xx_hal.o
                0x08000e6c                HAL_GetTick
 .text.HAL_Delay
                0x08000e84       0x48 ./Drivers/STM32H7xx_HAL_Driver/Src/stm32h7xx_hal.o
                0x08000e84                HAL_Delay
 .text.HAL_GetREVID
                0x08000ecc       0x18 ./Drivers/STM32H7xx_HAL_Driver/Src/stm32h7xx_hal.o
                0x08000ecc                HAL_GetREVID
 .text.__NVIC_SetPriorityGrouping
                0x08000ee4       0x48 ./Drivers/STM32H7xx_HAL_Driver/Src/stm32h7xx_hal_cortex.o
 .text.__NVIC_GetPriorityGrouping
                0x08000f2c       0x1c ./Drivers/STM32H7xx_HAL_Driver/Src/stm32h7xx_hal_cortex.o
 .text.__NVIC_SetPriority
                0x08000f48       0x54 ./Drivers/STM32H7xx_HAL_Driver/Src/stm32h7xx_hal_cortex.o
 .text.NVIC_EncodePriority
                0x08000f9c       0x66 ./Drivers/STM32H7xx_HAL_Driver/Src/stm32h7xx_hal_cortex.o
 *fill*         0x08001002        0x2 
 .text.SysTick_Config
                0x08001004       0x44 ./Drivers/STM32H7xx_HAL_Driver/Src/stm32h7xx_hal_cortex.o
 .text.HAL_NVIC_SetPriorityGrouping
                0x08001048       0x16 ./Drivers/STM32H7xx_HAL_Driver/Src/stm32h7xx_hal_cortex.o
                0x08001048                HAL_NVIC_SetPriorityGrouping
 .text.HAL_NVIC_SetPriority
                0x0800105e       0x34 ./Drivers/STM32H7xx_HAL_Driver/Src/stm32h7xx_hal_cortex.o
                0x0800105e                HAL_NVIC_SetPriority
 .text.HAL_SYSTICK_Config
                0x08001092       0x18 ./Drivers/STM32H7xx_HAL_Driver/Src/stm32h7xx_hal_cortex.o
                0x08001092                HAL_SYSTICK_Config
 *fill*         0x080010aa        0x2 
 .text.HAL_MPU_Disable
                0x080010ac       0x30 ./Drivers/STM32H7xx_HAL_Driver/Src/stm32h7xx_hal_cortex.o
                0x080010ac                HAL_MPU_Disable
 .text.HAL_MPU_Enable
                0x080010dc       0x40 ./Drivers/STM32H7xx_HAL_Driver/Src/stm32h7xx_hal_cortex.o
                0x080010dc                HAL_MPU_Enable
 .text.HAL_MPU_ConfigRegion
                0x0800111c       0x80 ./Drivers/STM32H7xx_HAL_Driver/Src/stm32h7xx_hal_cortex.o
                0x0800111c                HAL_MPU_ConfigRegion
 .text.HAL_GPIO_Init
                0x0800119c      0x360 ./Drivers/STM32H7xx_HAL_Driver/Src/stm32h7xx_hal_gpio.o
                0x0800119c                HAL_GPIO_Init
 .text.HAL_GPIO_WritePin
                0x080014fc       0x32 ./Drivers/STM32H7xx_HAL_Driver/Src/stm32h7xx_hal_gpio.o
                0x080014fc                HAL_GPIO_WritePin
 *fill*         0x0800152e        0x2 
 .text.HAL_PWREx_ConfigSupply
                0x08001530       0x74 ./Drivers/STM32H7xx_HAL_Driver/Src/stm32h7xx_hal_pwr_ex.o
                0x08001530                HAL_PWREx_ConfigSupply
 .text.HAL_QSPI_Init
                0x080015a4       0xe8 ./Drivers/STM32H7xx_HAL_Driver/Src/stm32h7xx_hal_qspi.o
                0x080015a4                HAL_QSPI_Init
 .text.HAL_QSPI_Command
                0x0800168c       0xbc ./Drivers/STM32H7xx_HAL_Driver/Src/stm32h7xx_hal_qspi.o
                0x0800168c                HAL_QSPI_Command
 .text.HAL_QSPI_Receive
                0x08001748      0x13a ./Drivers/STM32H7xx_HAL_Driver/Src/stm32h7xx_hal_qspi.o
                0x08001748                HAL_QSPI_Receive
 .text.HAL_QSPI_SetTimeout
                0x08001882       0x1c ./Drivers/STM32H7xx_HAL_Driver/Src/stm32h7xx_hal_qspi.o
                0x08001882                HAL_QSPI_SetTimeout
 .text.QSPI_WaitFlagStateUntilTimeout
                0x0800189e       0x6e ./Drivers/STM32H7xx_HAL_Driver/Src/stm32h7xx_hal_qspi.o
 .text.QSPI_Config
                0x0800190c      0x32e ./Drivers/STM32H7xx_HAL_Driver/Src/stm32h7xx_hal_qspi.o
 *fill*         0x08001c3a        0x2 
 .text.HAL_RCC_OscConfig
                0x08001c3c      0x8b4 ./Drivers/STM32H7xx_HAL_Driver/Src/stm32h7xx_hal_rcc.o
                0x08001c3c                HAL_RCC_OscConfig
 .text.HAL_RCC_ClockConfig
                0x080024f0      0x36c ./Drivers/STM32H7xx_HAL_Driver/Src/stm32h7xx_hal_rcc.o
                0x080024f0                HAL_RCC_ClockConfig
 .text.HAL_RCC_GetSysClockFreq
                0x0800285c      0x2f4 ./Drivers/STM32H7xx_HAL_Driver/Src/stm32h7xx_hal_rcc.o
                0x0800285c                HAL_RCC_GetSysClockFreq
 .text.HAL_RCCEx_PeriphCLKConfig
                0x08002b50     0x1414 ./Drivers/STM32H7xx_HAL_Driver/Src/stm32h7xx_hal_rcc_ex.o
                0x08002b50                HAL_RCCEx_PeriphCLKConfig
 .text.RCCEx_PLL2_Config
                0x08003f64      0x164 ./Drivers/STM32H7xx_HAL_Driver/Src/stm32h7xx_hal_rcc_ex.o
 .text.RCCEx_PLL3_Config
                0x080040c8      0x164 ./Drivers/STM32H7xx_HAL_Driver/Src/stm32h7xx_hal_rcc_ex.o
 .text.HAL_SPI_Init
                0x0800422c      0x248 ./Drivers/STM32H7xx_HAL_Driver/Src/stm32h7xx_hal_spi.o
                0x0800422c                HAL_SPI_Init
 .text.HAL_SPI_Transmit
                0x08004474      0x3dc ./Drivers/STM32H7xx_HAL_Driver/Src/stm32h7xx_hal_spi.o
                0x08004474                HAL_SPI_Transmit
 .text.HAL_SPI_Receive
                0x08004850      0x4e4 ./Drivers/STM32H7xx_HAL_Driver/Src/stm32h7xx_hal_spi.o
                0x08004850                HAL_SPI_Receive
 .text.SPI_CloseTransfer
                0x08004d34      0x140 ./Drivers/STM32H7xx_HAL_Driver/Src/stm32h7xx_hal_spi.o
 .text.SPI_WaitOnFlagUntilTimeout
                0x08004e74       0x5c ./Drivers/STM32H7xx_HAL_Driver/Src/stm32h7xx_hal_spi.o
 .text.SPI_GetPacketSize
                0x08004ed0       0x36 ./Drivers/STM32H7xx_HAL_Driver/Src/stm32h7xx_hal_spi.o
 .text.HAL_TIM_PWM_Init
                0x08004f06       0xae ./Drivers/STM32H7xx_HAL_Driver/Src/stm32h7xx_hal_tim.o
                0x08004f06                HAL_TIM_PWM_Init
 .text.HAL_TIM_PWM_ConfigChannel
                0x08004fb4      0x228 ./Drivers/STM32H7xx_HAL_Driver/Src/stm32h7xx_hal_tim.o
                0x08004fb4                HAL_TIM_PWM_ConfigChannel
 .text.TIM_Base_SetConfig
                0x080051dc      0x140 ./Drivers/STM32H7xx_HAL_Driver/Src/stm32h7xx_hal_tim.o
                0x080051dc                TIM_Base_SetConfig
 .text.TIM_OC1_SetConfig
                0x0800531c      0x120 ./Drivers/STM32H7xx_HAL_Driver/Src/stm32h7xx_hal_tim.o
 .text.TIM_OC2_SetConfig
                0x0800543c      0x114 ./Drivers/STM32H7xx_HAL_Driver/Src/stm32h7xx_hal_tim.o
                0x0800543c                TIM_OC2_SetConfig
 .text.TIM_OC3_SetConfig
                0x08005550      0x110 ./Drivers/STM32H7xx_HAL_Driver/Src/stm32h7xx_hal_tim.o
 .text.TIM_OC4_SetConfig
                0x08005660       0xd4 ./Drivers/STM32H7xx_HAL_Driver/Src/stm32h7xx_hal_tim.o
 .text.TIM_OC5_SetConfig
                0x08005734       0xc8 ./Drivers/STM32H7xx_HAL_Driver/Src/stm32h7xx_hal_tim.o
 .text.TIM_OC6_SetConfig
                0x080057fc       0xcc ./Drivers/STM32H7xx_HAL_Driver/Src/stm32h7xx_hal_tim.o
 .text.HAL_TIMEx_PWMN_Start
                0x080058c8      0x184 ./Drivers/STM32H7xx_HAL_Driver/Src/stm32h7xx_hal_tim_ex.o
                0x080058c8                HAL_TIMEx_PWMN_Start
 .text.HAL_TIMEx_MasterConfigSynchronization
                0x08005a4c      0x11c ./Drivers/STM32H7xx_HAL_Driver/Src/stm32h7xx_hal_tim_ex.o
                0x08005a4c                HAL_TIMEx_MasterConfigSynchronization
 .text.HAL_TIMEx_ConfigBreakDeadTime
                0x08005b68       0xfc ./Drivers/STM32H7xx_HAL_Driver/Src/stm32h7xx_hal_tim_ex.o
                0x08005b68                HAL_TIMEx_ConfigBreakDeadTime
 .text.TIM_CCxNChannelCmd
                0x08005c64       0x4a ./Drivers/STM32H7xx_HAL_Driver/Src/stm32h7xx_hal_tim_ex.o
 .text.QSPI_Flash_Init
                0x08005cae       0x50 ./Per_Driver/QSPI_Flash/Src/qspi_flash.o
                0x08005cae                QSPI_Flash_Init
 .text.QSPI_Flash_Reset
                0x08005cfe       0xc2 ./Per_Driver/QSPI_Flash/Src/qspi_flash.o
                0x08005cfe                QSPI_Flash_Reset
 .text.QSPI_Flash_ReadID
                0x08005dc0       0xaa ./Per_Driver/QSPI_Flash/Src/qspi_flash.o
                0x08005dc0                QSPI_Flash_ReadID
 .text.QSPI_Flash_HALToStatus
                0x08005e6a       0x38 ./Per_Driver/QSPI_Flash/Src/qspi_flash.o
 *fill*         0x08005ea2        0x2 
 .text.LCD_SetBrightness
                0x08005ea4       0x60 ./Per_Driver/SPI4_LCD/Src/lcd_app.o
                0x08005ea4                LCD_SetBrightness
 .text.LCD_ShowChar
                0x08005f04      0x42c ./Per_Driver/SPI4_LCD/Src/lcd_app.o
                0x08005f04                LCD_ShowChar
 .text.lcd_init
                0x08006330       0x20 ./Per_Driver/SPI4_LCD/Src/lcd_app.o
 .text.lcd_gettick
                0x08006350        0xe ./Per_Driver/SPI4_LCD/Src/lcd_app.o
 *fill*         0x0800635e        0x2 
 .text.lcd_writereg
                0x08006360       0x94 ./Per_Driver/SPI4_LCD/Src/lcd_app.o
 .text.lcd_readreg
                0x080063f4       0x88 ./Per_Driver/SPI4_LCD/Src/lcd_app.o
 .text.lcd_senddata
                0x0800647c       0x58 ./Per_Driver/SPI4_LCD/Src/lcd_app.o
 .text.lcd_recvdata
                0x080064d4       0x5c ./Per_Driver/SPI4_LCD/Src/lcd_app.o
 .text.ST7735_RegisterBusIO
                0x08006530       0xa8 ./Per_Driver/SPI4_LCD/Src/lcd_driver_st7735.o
                0x08006530                ST7735_RegisterBusIO
 .text.ST7735_Init
                0x080065d8      0x77e ./Per_Driver/SPI4_LCD/Src/lcd_driver_st7735.o
                0x080065d8                ST7735_Init
 .text.ST7735_DeInit
                0x08006d56       0x16 ./Per_Driver/SPI4_LCD/Src/lcd_driver_st7735.o
                0x08006d56                ST7735_DeInit
 .text.ST7735_ReadID
                0x08006d6c       0x8e ./Per_Driver/SPI4_LCD/Src/lcd_driver_st7735.o
                0x08006d6c                ST7735_ReadID
 *fill*         0x08006dfa        0x2 
 .text.ST7735_DisplayOn
                0x08006dfc       0xc8 ./Per_Driver/SPI4_LCD/Src/lcd_driver_st7735.o
                0x08006dfc                ST7735_DisplayOn
 .text.ST7735_DisplayOff
                0x08006ec4       0xc8 ./Per_Driver/SPI4_LCD/Src/lcd_driver_st7735.o
                0x08006ec4                ST7735_DisplayOff
 .text.ST7735_SetBrightness
                0x08006f8c       0x1a ./Per_Driver/SPI4_LCD/Src/lcd_driver_st7735.o
                0x08006f8c                ST7735_SetBrightness
 .text.ST7735_GetBrightness
                0x08006fa6       0x1a ./Per_Driver/SPI4_LCD/Src/lcd_driver_st7735.o
                0x08006fa6                ST7735_GetBrightness
 .text.ST7735_SetOrientation
                0x08006fc0      0x11c ./Per_Driver/SPI4_LCD/Src/lcd_driver_st7735.o
                0x08006fc0                ST7735_SetOrientation
 .text.ST7735_GetOrientation
                0x080070dc       0x24 ./Per_Driver/SPI4_LCD/Src/lcd_driver_st7735.o
                0x080070dc                ST7735_GetOrientation
 .text.ST7735_SetCursor
                0x08007100      0x178 ./Per_Driver/SPI4_LCD/Src/lcd_driver_st7735.o
                0x08007100                ST7735_SetCursor
 .text.ST7735_DrawBitmap
                0x08007278      0x214 ./Per_Driver/SPI4_LCD/Src/lcd_driver_st7735.o
                0x08007278                ST7735_DrawBitmap
 .text.ST7735_FillRGBRect
                0x0800748c       0xd4 ./Per_Driver/SPI4_LCD/Src/lcd_driver_st7735.o
                0x0800748c                ST7735_FillRGBRect
 .text.ST7735_DrawHLine
                0x08007560       0xa0 ./Per_Driver/SPI4_LCD/Src/lcd_driver_st7735.o
                0x08007560                ST7735_DrawHLine
 .text.ST7735_DrawVLine
                0x08007600       0x68 ./Per_Driver/SPI4_LCD/Src/lcd_driver_st7735.o
                0x08007600                ST7735_DrawVLine
 .text.ST7735_FillRect
                0x08007668       0x58 ./Per_Driver/SPI4_LCD/Src/lcd_driver_st7735.o
                0x08007668                ST7735_FillRect
 .text.ST7735_SetPixel
                0x080076c0       0x88 ./Per_Driver/SPI4_LCD/Src/lcd_driver_st7735.o
                0x080076c0                ST7735_SetPixel
 .text.ST7735_GetPixel
                0x08007748       0x9e ./Per_Driver/SPI4_LCD/Src/lcd_driver_st7735.o
                0x08007748                ST7735_GetPixel
 *fill*         0x080077e6        0x2 
 .text.ST7735_GetXSize
                0x080077e8       0x24 ./Per_Driver/SPI4_LCD/Src/lcd_driver_st7735.o
                0x080077e8                ST7735_GetXSize
 .text.ST7735_GetYSize
                0x0800780c       0x24 ./Per_Driver/SPI4_LCD/Src/lcd_driver_st7735.o
                0x0800780c                ST7735_GetYSize
 .text.ST7735_SetDisplayWindow
                0x08007830      0x208 ./Per_Driver/SPI4_LCD/Src/lcd_driver_st7735.o
 .text.ST7735_ReadRegWrap
                0x08007a38       0x28 ./Per_Driver/SPI4_LCD/Src/lcd_driver_st7735.o
 .text.ST7735_WriteRegWrap
                0x08007a60       0x2a ./Per_Driver/SPI4_LCD/Src/lcd_driver_st7735.o
 .text.ST7735_SendDataWrap
                0x08007a8a       0x24 ./Per_Driver/SPI4_LCD/Src/lcd_driver_st7735.o
 .text.ST7735_RecvDataWrap
                0x08007aae       0x24 ./Per_Driver/SPI4_LCD/Src/lcd_driver_st7735.o
 .text.ST7735_IO_Delay
                0x08007ad2       0x34 ./Per_Driver/SPI4_LCD/Src/lcd_driver_st7735.o
 .text.st7735_read_reg
                0x08007b06       0x26 ./Per_Driver/SPI4_LCD/Src/lcd_driver_st7735_reg.o
                0x08007b06                st7735_read_reg
 .text.st7735_write_reg
                0x08007b2c       0x2a ./Per_Driver/SPI4_LCD/Src/lcd_driver_st7735_reg.o
                0x08007b2c                st7735_write_reg
 .text.st7735_send_data
                0x08007b56       0x24 ./Per_Driver/SPI4_LCD/Src/lcd_driver_st7735_reg.o
                0x08007b56                st7735_send_data
 .text.st7735_recv_data
                0x08007b7a       0x24 ./Per_Driver/SPI4_LCD/Src/lcd_driver_st7735_reg.o
                0x08007b7a                st7735_recv_data
 *fill*         0x08007b9e        0x2 
 .text.mcal_refresh_metrics
                0x08007ba0       0x50 ./Per_Driver/SPI4_LCD/Src/lcd_mcal.o
 .text.mcal_wrap_if_needed
                0x08007bf0       0x80 ./Per_Driver/SPI4_LCD/Src/lcd_mcal.o
 .text.mcal_advance_cursor
                0x08007c70       0x28 ./Per_Driver/SPI4_LCD/Src/lcd_mcal.o
 .text.lcd_bg_fg
                0x08007c98       0x48 ./Per_Driver/SPI4_LCD/Src/lcd_mcal.o
                0x08007c98                lcd_bg_fg
 .text.lcd_backlight
                0x08007ce0       0x44 ./Per_Driver/SPI4_LCD/Src/lcd_mcal.o
                0x08007ce0                lcd_backlight
 .text.lcd_clear
                0x08007d24       0x68 ./Per_Driver/SPI4_LCD/Src/lcd_mcal.o
                0x08007d24                lcd_clear
 .text.lcd_print_char
                0x08007d8c       0x88 ./Per_Driver/SPI4_LCD/Src/lcd_mcal.o
                0x08007d8c                lcd_print_char
 .text.lcd_print_message
                0x08007e14       0x32 ./Per_Driver/SPI4_LCD/Src/lcd_mcal.o
                0x08007e14                lcd_print_message
 *fill*         0x08007e46        0x2 
 .text.lcd_init
                0x08007e48       0x9c ./Per_Driver/SPI4_LCD/Src/lcd_mcal.o
                0x08007e48                lcd_init
 .text.lcd_stm32h7_backlight
                0x08007ee4       0x24 ./Per_Driver/SPI4_LCD/Src/lcd_mcal.o
                0x08007ee4                lcd_stm32h7_backlight
 .text.lcd_stm32h7_message
                0x08007f08       0x16 ./Per_Driver/SPI4_LCD/Src/lcd_mcal.o
                0x08007f08                lcd_stm32h7_message
 .text.lcd_stm32h7_clear
                0x08007f1e        0xc ./Per_Driver/SPI4_LCD/Src/lcd_mcal.o
                0x08007f1e                lcd_stm32h7_clear
 *fill*         0x08007f2a        0x2 
 .text.lcd_stm32h7_init
                0x08007f2c       0x18 ./Per_Driver/SPI4_LCD/Src/lcd_mcal.o
                0x08007f2c                lcd_stm32h7_init
 .text.memset   0x08007f44       0x10 C:/ST/STM32CubeIDE_1.18.1/STM32CubeIDE/plugins/com.st.stm32cube.ide.mcu.externaltools.gnu-tools-for-stm32.13.3.rel1.win32_1.0.0.202411081344/tools/bin/../lib/gcc/arm-none-eabi/13.3.1/../../../../arm-none-eabi/lib/thumb/v7e-m+dp/hard\libc_nano.a(libc_a-memset.o)
                0x08007f44                memset
 .text.__libc_init_array
                0x08007f54       0x48 C:/ST/STM32CubeIDE_1.18.1/STM32CubeIDE/plugins/com.st.stm32cube.ide.mcu.externaltools.gnu-tools-for-stm32.13.3.rel1.win32_1.0.0.202411081344/tools/bin/../lib/gcc/arm-none-eabi/13.3.1/../../../../arm-none-eabi/lib/thumb/v7e-m+dp/hard\libc_nano.a(libc_a-init.o)
                0x08007f54                __libc_init_array
 *(.glue_7)
 .glue_7        0x08007f9c        0x0 linker stubs
 *(.glue_7t)
 .glue_7t       0x08007f9c        0x0 linker stubs
 *(.eh_frame)
 .eh_frame      0x08007f9c        0x0 C:/ST/STM32CubeIDE_1.18.1/STM32CubeIDE/plugins/com.st.stm32cube.ide.mcu.externaltools.gnu-tools-for-stm32.13.3.rel1.win32_1.0.0.202411081344/tools/bin/../lib/gcc/arm-none-eabi/13.3.1/thumb/v7e-m+dp/hard/crtbegin.o
 *(.init)
 .init          0x08007f9c        0x4 C:/ST/STM32CubeIDE_1.18.1/STM32CubeIDE/plugins/com.st.stm32cube.ide.mcu.externaltools.gnu-tools-for-stm32.13.3.rel1.win32_1.0.0.202411081344/tools/bin/../lib/gcc/arm-none-eabi/13.3.1/thumb/v7e-m+dp/hard/crti.o
                0x08007f9c                _init
 .init          0x08007fa0        0x8 C:/ST/STM32CubeIDE_1.18.1/STM32CubeIDE/plugins/com.st.stm32cube.ide.mcu.externaltools.gnu-tools-for-stm32.13.3.rel1.win32_1.0.0.202411081344/tools/bin/../lib/gcc/arm-none-eabi/13.3.1/thumb/v7e-m+dp/hard/crtn.o
 *(.fini)
 .fini          0x08007fa8        0x4 C:/ST/STM32CubeIDE_1.18.1/STM32CubeIDE/plugins/com.st.stm32cube.ide.mcu.externaltools.gnu-tools-for-stm32.13.3.rel1.win32_1.0.0.202411081344/tools/bin/../lib/gcc/arm-none-eabi/13.3.1/thumb/v7e-m+dp/hard/crti.o
                0x08007fa8                _fini
 .fini          0x08007fac        0x8 C:/ST/STM32CubeIDE_1.18.1/STM32CubeIDE/plugins/com.st.stm32cube.ide.mcu.externaltools.gnu-tools-for-stm32.13.3.rel1.win32_1.0.0.202411081344/tools/bin/../lib/gcc/arm-none-eabi/13.3.1/thumb/v7e-m+dp/hard/crtn.o
                0x08007fb4                        . = ALIGN (0x4)
                0x08007fb4                        _etext = .

.vfp11_veneer   0x08007fb4        0x0
 .vfp11_veneer  0x08007fb4        0x0 linker stubs

.v4_bx          0x08007fb4        0x0
 .v4_bx         0x08007fb4        0x0 linker stubs

.iplt           0x08007fb4        0x0
 .iplt          0x08007fb4        0x0 C:/ST/STM32CubeIDE_1.18.1/STM32CubeIDE/plugins/com.st.stm32cube.ide.mcu.externaltools.gnu-tools-for-stm32.13.3.rel1.win32_1.0.0.202411081344/tools/bin/../lib/gcc/arm-none-eabi/13.3.1/thumb/v7e-m+dp/hard/crtbegin.o

.rodata         0x08007fb4      0xa74
                0x08007fb4                        . = ALIGN (0x4)
 *(.rodata)
 *(.rodata*)
 .rodata.D1CorePrescTable
                0x08007fb4       0x10 ./Core/Src/system_stm32h7xx.o
                0x08007fb4                D1CorePrescTable
 .rodata.asc2_1206
                0x08007fc4      0x474 ./Per_Driver/SPI4_LCD/Src/lcd_app.o
                0x08007fc4                asc2_1206
 .rodata.asc2_1608
                0x08008438      0x5f0 ./Per_Driver/SPI4_LCD/Src/lcd_app.o
                0x08008438                asc2_1608
                0x08008a28                        . = ALIGN (0x4)

.ARM.extab
 *(.ARM.extab* .gnu.linkonce.armextab.*)

.ARM            0x08008a28        0x0
                0x08008a28                        __exidx_start = .
 *(.ARM.exidx*)
                0x08008a28                        __exidx_end = .

.preinit_array  0x08008a28        0x0
                0x08008a28                        PROVIDE (__preinit_array_start = .)
 *(.preinit_array*)
                0x08008a28                        PROVIDE (__preinit_array_end = .)

.init_array     0x08008a28        0x4
                0x08008a28                        PROVIDE (__init_array_start = .)
 *(SORT_BY_NAME(.init_array.*))
 *(.init_array*)
 .init_array    0x08008a28        0x4 C:/ST/STM32CubeIDE_1.18.1/STM32CubeIDE/plugins/com.st.stm32cube.ide.mcu.externaltools.gnu-tools-for-stm32.13.3.rel1.win32_1.0.0.202411081344/tools/bin/../lib/gcc/arm-none-eabi/13.3.1/thumb/v7e-m+dp/hard/crtbegin.o
                0x08008a2c                        PROVIDE (__init_array_end = .)

.fini_array     0x08008a2c        0x4
                [!provide]                        PROVIDE (__fini_array_start = .)
 *(SORT_BY_NAME(.fini_array.*))
 *(.fini_array*)
 .fini_array    0x08008a2c        0x4 C:/ST/STM32CubeIDE_1.18.1/STM32CubeIDE/plugins/com.st.stm32cube.ide.mcu.externaltools.gnu-tools-for-stm32.13.3.rel1.win32_1.0.0.202411081344/tools/bin/../lib/gcc/arm-none-eabi/13.3.1/thumb/v7e-m+dp/hard/crtbegin.o
                [!provide]                        PROVIDE (__fini_array_end = .)
                0x08008a30                        _sidata = LOADADDR (.data)

.rel.dyn        0x08008a30        0x0
 .rel.iplt      0x08008a30        0x0 C:/ST/STM32CubeIDE_1.18.1/STM32CubeIDE/plugins/com.st.stm32cube.ide.mcu.externaltools.gnu-tools-for-stm32.13.3.rel1.win32_1.0.0.202411081344/tools/bin/../lib/gcc/arm-none-eabi/13.3.1/thumb/v7e-m+dp/hard/crtbegin.o

.data           0x24000000       0xac load address 0x08008a30
                0x24000000                        . = ALIGN (0x4)
                0x24000000                        _sdata = .
 *(.data)
 *(.data*)
 .data.SystemCoreClock
                0x24000000        0x4 ./Core/Src/system_stm32h7xx.o
                0x24000000                SystemCoreClock
 .data.SystemD2Clock
                0x24000004        0x4 ./Core/Src/system_stm32h7xx.o
                0x24000004                SystemD2Clock
 .data.uwTickPrio
                0x24000008        0x4 ./Drivers/STM32H7xx_HAL_Driver/Src/stm32h7xx_hal.o
                0x24000008                uwTickPrio
 .data.uwTickFreq
                0x2400000c        0x1 ./Drivers/STM32H7xx_HAL_Driver/Src/stm32h7xx_hal.o
                0x2400000c                uwTickFreq
 *fill*         0x2400000d        0x3 
 .data.st7735_pIO
                0x24000010       0x20 ./Per_Driver/SPI4_LCD/Src/lcd_app.o
                0x24000010                st7735_pIO
 .data.POINT_COLOR
                0x24000030        0x2 ./Per_Driver/SPI4_LCD/Src/lcd_app.o
                0x24000030                POINT_COLOR
 *fill*         0x24000032        0x2 
 .data.ST7735_LCD_Driver
                0x24000034       0x4c ./Per_Driver/SPI4_LCD/Src/lcd_driver_st7735.o
                0x24000034                ST7735_LCD_Driver
 .data.OrientationTab
                0x24000080       0x20 ./Per_Driver/SPI4_LCD/Src/lcd_driver_st7735.o
 .data.s_text_level
                0x240000a0        0x1 ./Per_Driver/SPI4_LCD/Src/lcd_mcal.o
 *fill*         0x240000a1        0x1 
 .data.s_fg     0x240000a2        0x2 ./Per_Driver/SPI4_LCD/Src/lcd_mcal.o
 .data.s_size_mode
                0x240000a4        0x1 ./Per_Driver/SPI4_LCD/Src/lcd_mcal.o
 .data.s_font_px
                0x240000a5        0x1 ./Per_Driver/SPI4_LCD/Src/lcd_mcal.o
 .data.s_char_w
                0x240000a6        0x1 ./Per_Driver/SPI4_LCD/Src/lcd_mcal.o
 .data.s_char_h
                0x240000a7        0x1 ./Per_Driver/SPI4_LCD/Src/lcd_mcal.o
 .data.s_bl_percent
                0x240000a8        0x1 ./Per_Driver/SPI4_LCD/Src/lcd_mcal.o
 *(.RamFunc)
 *(.RamFunc*)
                0x240000ac                        . = ALIGN (0x4)
 *fill*         0x240000a9        0x3 
                0x240000ac                        _edata = .

.igot.plt       0x240000ac        0x0 load address 0x08008adc
 .igot.plt      0x240000ac        0x0 C:/ST/STM32CubeIDE_1.18.1/STM32CubeIDE/plugins/com.st.stm32cube.ide.mcu.externaltools.gnu-tools-for-stm32.13.3.rel1.win32_1.0.0.202411081344/tools/bin/../lib/gcc/arm-none-eabi/13.3.1/thumb/v7e-m+dp/hard/crtbegin.o
                0x240000ac                        . = ALIGN (0x4)

.bss            0x240000ac      0x6a4 load address 0x08008adc
                0x240000ac                        _sbss = .
                0x240000ac                        __bss_start__ = _sbss
 *(.bss)
 .bss           0x240000ac       0x1c C:/ST/STM32CubeIDE_1.18.1/STM32CubeIDE/plugins/com.st.stm32cube.ide.mcu.externaltools.gnu-tools-for-stm32.13.3.rel1.win32_1.0.0.202411081344/tools/bin/../lib/gcc/arm-none-eabi/13.3.1/thumb/v7e-m+dp/hard/crtbegin.o
 *(.bss*)
 .bss.hqspi     0x240000c8       0x4c ./Core/Src/main.o
                0x240000c8                hqspi
 .bss.hspi4     0x24000114       0x88 ./Core/Src/main.o
                0x24000114                hspi4
 .bss.htim1     0x2400019c       0x4c ./Core/Src/main.o
                0x2400019c                htim1
 .bss.qspiJedecId
                0x240001e8        0x3 ./Core/Src/main.o
 .bss.qspiStatus
                0x240001eb        0x1 ./Core/Src/main.o
 .bss.uwTick    0x240001ec        0x4 ./Drivers/STM32H7xx_HAL_Driver/Src/stm32h7xx_hal.o
                0x240001ec                uwTick
 .bss.st7735_pObj
                0x240001f0       0x38 ./Per_Driver/SPI4_LCD/Src/lcd_app.o
                0x240001f0                st7735_pObj
 .bss.st7735_id
                0x24000228        0x4 ./Per_Driver/SPI4_LCD/Src/lcd_app.o
                0x24000228                st7735_id
 .bss.BACK_COLOR
                0x2400022c        0x2 ./Per_Driver/SPI4_LCD/Src/lcd_app.o
                0x2400022c                BACK_COLOR
 *fill*         0x2400022e        0x2 
 .bss.ST7735Ctx
                0x24000230       0x10 ./Per_Driver/SPI4_LCD/Src/lcd_driver_st7735.o
                0x24000230                ST7735Ctx
 .bss.pdata.1   0x24000240      0x280 ./Per_Driver/SPI4_LCD/Src/lcd_driver_st7735.o
 .bss.pdata.0   0x240004c0      0x280 ./Per_Driver/SPI4_LCD/Src/lcd_driver_st7735.o
 .bss.s_screen_w
                0x24000740        0x4 ./Per_Driver/SPI4_LCD/Src/lcd_mcal.o
 .bss.s_screen_h
                0x24000744        0x4 ./Per_Driver/SPI4_LCD/Src/lcd_mcal.o
 .bss.s_bg      0x24000748        0x2 ./Per_Driver/SPI4_LCD/Src/lcd_mcal.o
 .bss.s_cur_x   0x2400074a        0x2 ./Per_Driver/SPI4_LCD/Src/lcd_mcal.o
 .bss.s_cur_y   0x2400074c        0x2 ./Per_Driver/SPI4_LCD/Src/lcd_mcal.o
 *(COMMON)
                0x24000750                        . = ALIGN (0x4)
 *fill*         0x2400074e        0x2 
                0x24000750                        _ebss = .
                0x24000750                        __bss_end__ = _ebss

._user_heap_stack
                0x24000750      0x600 load address 0x08008adc
                0x24000750                        . = ALIGN (0x8)
                [!provide]                        PROVIDE (end = .)
                0x24000750                        PROVIDE (_end = .)
                0x24000950                        . = (. + _Min_Heap_Size)
 *fill*         0x24000750      0x200 
                0x24000d50                        . = (. + _Min_Stack_Size)
 *fill*         0x24000950      0x400 
                0x24000d50                        . = ALIGN (0x8)

/DISCARD/
 libc.a(*)
 libm.a(*)
 libgcc.a(*)

.ARM.attributes
                0x00000000       0x2e
 *(.ARM.attributes)
 .ARM.attributes
                0x00000000       0x20 C:/ST/STM32CubeIDE_1.18.1/STM32CubeIDE/plugins/com.st.stm32cube.ide.mcu.externaltools.gnu-tools-for-stm32.13.3.rel1.win32_1.0.0.202411081344/tools/bin/../lib/gcc/arm-none-eabi/13.3.1/thumb/v7e-m+dp/hard/crti.o
 .ARM.attributes
                0x00000020       0x32 C:/ST/STM32CubeIDE_1.18.1/STM32CubeIDE/plugins/com.st.stm32cube.ide.mcu.externaltools.gnu-tools-for-stm32.13.3.rel1.win32_1.0.0.202411081344/tools/bin/../lib/gcc/arm-none-eabi/13.3.1/thumb/v7e-m+dp/hard/crtbegin.o
 .ARM.attributes
                0x00000052       0x32 ./Core/Src/main.o
 .ARM.attributes
                0x00000084       0x32 ./Core/Src/stm32h7xx_hal_msp.o
 .ARM.attributes
                0x000000b6       0x32 ./Core/Src/stm32h7xx_it.o
 .ARM.attributes
                0x000000e8       0x32 ./Core/Src/system_stm32h7xx.o
 .ARM.attributes
                0x0000011a       0x21 ./Core/Startup/startup_stm32h750vbtx.o
 .ARM.attributes
                0x0000013b       0x32 ./Drivers/STM32H7xx_HAL_Driver/Src/stm32h7xx_hal.o
 .ARM.attributes
                0x0000016d       0x32 ./Drivers/STM32H7xx_HAL_Driver/Src/stm32h7xx_hal_cortex.o
 .ARM.attributes
                0x0000019f       0x32 ./Drivers/STM32H7xx_HAL_Driver/Src/stm32h7xx_hal_gpio.o
 .ARM.attributes
                0x000001d1       0x32 ./Drivers/STM32H7xx_HAL_Driver/Src/stm32h7xx_hal_pwr_ex.o
 .ARM.attributes
                0x00000203       0x32 ./Drivers/STM32H7xx_HAL_Driver/Src/stm32h7xx_hal_qspi.o
 .ARM.attributes
                0x00000235       0x32 ./Drivers/STM32H7xx_HAL_Driver/Src/stm32h7xx_hal_rcc.o
 .ARM.attributes
                0x00000267       0x32 ./Drivers/STM32H7xx_HAL_Driver/Src/stm32h7xx_hal_rcc_ex.o
 .ARM.attributes
                0x00000299       0x32 ./Drivers/STM32H7xx_HAL_Driver/Src/stm32h7xx_hal_spi.o
 .ARM.attributes
                0x000002cb       0x32 ./Drivers/STM32H7xx_HAL_Driver/Src/stm32h7xx_hal_tim.o
 .ARM.attributes
                0x000002fd       0x32 ./Drivers/STM32H7xx_HAL_Driver/Src/stm32h7xx_hal_tim_ex.o
 .ARM.attributes
                0x0000032f       0x32 ./Per_Driver/QSPI_Flash/Src/qspi_flash.o
 .ARM.attributes
                0x00000361       0x32 ./Per_Driver/SPI4_LCD/Src/lcd_app.o
 .ARM.attributes
                0x00000393       0x32 ./Per_Driver/SPI4_LCD/Src/lcd_driver_st7735.o
 .ARM.attributes
                0x000003c5       0x32 ./Per_Driver/SPI4_LCD/Src/lcd_driver_st7735_reg.o
 .ARM.attributes
                0x000003f7       0x32 ./Per_Driver/SPI4_LCD/Src/lcd_mcal.o
 .ARM.attributes
                0x00000429       0x32 C:/ST/STM32CubeIDE_1.18.1/STM32CubeIDE/plugins/com.st.stm32cube.ide.mcu.externaltools.gnu-tools-for-stm32.13.3.rel1.win32_1.0.0.202411081344/tools/bin/../lib/gcc/arm-none-eabi/13.3.1/../../../../arm-none-eabi/lib/thumb/v7e-m+dp/hard\libc_nano.a(libc_a-memset.o)
 .ARM.attributes
                0x0000045b       0x32 C:/ST/STM32CubeIDE_1.18.1/STM32CubeIDE/plugins/com.st.stm32cube.ide.mcu.externaltools.gnu-tools-for-stm32.13.3.rel1.win32_1.0.0.202411081344/tools/bin/../lib/gcc/arm-none-eabi/13.3.1/../../../../arm-none-eabi/lib/thumb/v7e-m+dp/hard\libc_nano.a(libc_a-init.o)
 .ARM.attributes
                0x0000048d       0x20 C:/ST/STM32CubeIDE_1.18.1/STM32CubeIDE/plugins/com.st.stm32cube.ide.mcu.externaltools.gnu-tools-for-stm32.13.3.rel1.win32_1.0.0.202411081344/tools/bin/../lib/gcc/arm-none-eabi/13.3.1/thumb/v7e-m+dp/hard/crtn.o
OUTPUT(STM32H7xx_QSPI.elf elf32-littlearm)
LOAD linker stubs
LOAD C:/ST/STM32CubeIDE_1.18.1/STM32CubeIDE/plugins/com.st.stm32cube.ide.mcu.externaltools.gnu-tools-for-stm32.13.3.rel1.win32_1.0.0.202411081344/tools/bin/../lib/gcc/arm-none-eabi/13.3.1/../../../../arm-none-eabi/lib/thumb/v7e-m+dp/hard\libc.a
LOAD C:/ST/STM32CubeIDE_1.18.1/STM32CubeIDE/plugins/com.st.stm32cube.ide.mcu.externaltools.gnu-tools-for-stm32.13.3.rel1.win32_1.0.0.202411081344/tools/bin/../lib/gcc/arm-none-eabi/13.3.1/../../../../arm-none-eabi/lib/thumb/v7e-m+dp/hard\libm.a
LOAD C:/ST/STM32CubeIDE_1.18.1/STM32CubeIDE/plugins/com.st.stm32cube.ide.mcu.externaltools.gnu-tools-for-stm32.13.3.rel1.win32_1.0.0.202411081344/tools/bin/../lib/gcc/arm-none-eabi/13.3.1/thumb/v7e-m+dp/hard\libgcc.a

.debug_info     0x00000000    0x15f19
 .debug_info    0x00000000     0x2100 ./Core/Src/main.o
 .debug_info    0x00002100     0x1b91 ./Core/Src/stm32h7xx_hal_msp.o
 .debug_info    0x00003c91      0x128 ./Core/Src/stm32h7xx_it.o
 .debug_info    0x00003db9      0xdb2 ./Core/Src/system_stm32h7xx.o
 .debug_info    0x00004b6b       0x30 ./Core/Startup/startup_stm32h750vbtx.o
 .debug_info    0x00004b9b     0x1541 ./Drivers/STM32H7xx_HAL_Driver/Src/stm32h7xx_hal.o
 .debug_info    0x000060dc     0x10b7 ./Drivers/STM32H7xx_HAL_Driver/Src/stm32h7xx_hal_cortex.o
 .debug_info    0x00007193      0xc5a ./Drivers/STM32H7xx_HAL_Driver/Src/stm32h7xx_hal_gpio.o
 .debug_info    0x00007ded     0x1012 ./Drivers/STM32H7xx_HAL_Driver/Src/stm32h7xx_hal_pwr_ex.o
 .debug_info    0x00008dff     0x12b8 ./Drivers/STM32H7xx_HAL_Driver/Src/stm32h7xx_hal_qspi.o
 .debug_info    0x0000a0b7      0xe6a ./Drivers/STM32H7xx_HAL_Driver/Src/stm32h7xx_hal_rcc.o
 .debug_info    0x0000af21     0x1225 ./Drivers/STM32H7xx_HAL_Driver/Src/stm32h7xx_hal_rcc_ex.o
 .debug_info    0x0000c146     0x144a ./Drivers/STM32H7xx_HAL_Driver/Src/stm32h7xx_hal_spi.o
 .debug_info    0x0000d590     0x2bae ./Drivers/STM32H7xx_HAL_Driver/Src/stm32h7xx_hal_tim.o
 .debug_info    0x0001013e     0x17eb ./Drivers/STM32H7xx_HAL_Driver/Src/stm32h7xx_hal_tim_ex.o
 .debug_info    0x00011929      0xe2c ./Per_Driver/QSPI_Flash/Src/qspi_flash.o
 .debug_info    0x00012755     0x1876 ./Per_Driver/SPI4_LCD/Src/lcd_app.o
 .debug_info    0x00013fcb     0x113e ./Per_Driver/SPI4_LCD/Src/lcd_driver_st7735.o
 .debug_info    0x00015109      0x2be ./Per_Driver/SPI4_LCD/Src/lcd_driver_st7735_reg.o
 .debug_info    0x000153c7      0xb52 ./Per_Driver/SPI4_LCD/Src/lcd_mcal.o

.debug_abbrev   0x00000000     0x2c18
 .debug_abbrev  0x00000000      0x2f8 ./Core/Src/main.o
 .debug_abbrev  0x000002f8      0x278 ./Core/Src/stm32h7xx_hal_msp.o
 .debug_abbrev  0x00000570       0x73 ./Core/Src/stm32h7xx_it.o
 .debug_abbrev  0x000005e3      0x165 ./Core/Src/system_stm32h7xx.o
 .debug_abbrev  0x00000748       0x24 ./Core/Startup/startup_stm32h750vbtx.o
 .debug_abbrev  0x0000076c      0x295 ./Drivers/STM32H7xx_HAL_Driver/Src/stm32h7xx_hal.o
 .debug_abbrev  0x00000a01      0x339 ./Drivers/STM32H7xx_HAL_Driver/Src/stm32h7xx_hal_cortex.o
 .debug_abbrev  0x00000d3a      0x205 ./Drivers/STM32H7xx_HAL_Driver/Src/stm32h7xx_hal_gpio.o
 .debug_abbrev  0x00000f3f      0x2a7 ./Drivers/STM32H7xx_HAL_Driver/Src/stm32h7xx_hal_pwr_ex.o
 .debug_abbrev  0x000011e6      0x24d ./Drivers/STM32H7xx_HAL_Driver/Src/stm32h7xx_hal_qspi.o
 .debug_abbrev  0x00001433      0x2c8 ./Drivers/STM32H7xx_HAL_Driver/Src/stm32h7xx_hal_rcc.o
 .debug_abbrev  0x000016fb      0x269 ./Drivers/STM32H7xx_HAL_Driver/Src/stm32h7xx_hal_rcc_ex.o
 .debug_abbrev  0x00001964      0x2b1 ./Drivers/STM32H7xx_HAL_Driver/Src/stm32h7xx_hal_spi.o
 .debug_abbrev  0x00001c15      0x276 ./Drivers/STM32H7xx_HAL_Driver/Src/stm32h7xx_hal_tim.o
 .debug_abbrev  0x00001e8b      0x281 ./Drivers/STM32H7xx_HAL_Driver/Src/stm32h7xx_hal_tim_ex.o
 .debug_abbrev  0x0000210c      0x23b ./Per_Driver/QSPI_Flash/Src/qspi_flash.o
 .debug_abbrev  0x00002347      0x34c ./Per_Driver/SPI4_LCD/Src/lcd_app.o
 .debug_abbrev  0x00002693      0x20d ./Per_Driver/SPI4_LCD/Src/lcd_driver_st7735.o
 .debug_abbrev  0x000028a0       0xdd ./Per_Driver/SPI4_LCD/Src/lcd_driver_st7735_reg.o
 .debug_abbrev  0x0000297d      0x29b ./Per_Driver/SPI4_LCD/Src/lcd_mcal.o

.debug_aranges  0x00000000     0x12a8
 .debug_aranges
                0x00000000       0x58 ./Core/Src/main.o
 .debug_aranges
                0x00000058       0x58 ./Core/Src/stm32h7xx_hal_msp.o
 .debug_aranges
                0x000000b0       0x60 ./Core/Src/stm32h7xx_it.o
 .debug_aranges
                0x00000110       0x30 ./Core/Src/system_stm32h7xx.o
 .debug_aranges
                0x00000140       0x28 ./Core/Startup/startup_stm32h750vbtx.o
 .debug_aranges
                0x00000168      0x198 ./Drivers/STM32H7xx_HAL_Driver/Src/stm32h7xx_hal.o
 .debug_aranges
                0x00000300      0x130 ./Drivers/STM32H7xx_HAL_Driver/Src/stm32h7xx_hal_cortex.o
 .debug_aranges
                0x00000430       0x58 ./Drivers/STM32H7xx_HAL_Driver/Src/stm32h7xx_hal_gpio.o
 .debug_aranges
                0x00000488      0x158 ./Drivers/STM32H7xx_HAL_Driver/Src/stm32h7xx_hal_pwr_ex.o
 .debug_aranges
                0x000005e0      0x148 ./Drivers/STM32H7xx_HAL_Driver/Src/stm32h7xx_hal_qspi.o
 .debug_aranges
                0x00000728       0x88 ./Drivers/STM32H7xx_HAL_Driver/Src/stm32h7xx_hal_rcc.o
 .debug_aranges
                0x000007b0       0xf8 ./Drivers/STM32H7xx_HAL_Driver/Src/stm32h7xx_hal_rcc_ex.o
 .debug_aranges
                0x000008a8      0x1a8 ./Drivers/STM32H7xx_HAL_Driver/Src/stm32h7xx_hal_spi.o
 .debug_aranges
                0x00000a50      0x3e0 ./Drivers/STM32H7xx_HAL_Driver/Src/stm32h7xx_hal_tim.o
 .debug_aranges
                0x00000e30      0x188 ./Drivers/STM32H7xx_HAL_Driver/Src/stm32h7xx_hal_tim_ex.o
 .debug_aranges
                0x00000fb8       0x88 ./Per_Driver/QSPI_Flash/Src/qspi_flash.o
 .debug_aranges
                0x00001040       0x78 ./Per_Driver/SPI4_LCD/Src/lcd_app.o
 .debug_aranges
                0x000010b8       0xe8 ./Per_Driver/SPI4_LCD/Src/lcd_driver_st7735.o
 .debug_aranges
                0x000011a0       0x38 ./Per_Driver/SPI4_LCD/Src/lcd_driver_st7735_reg.o
 .debug_aranges
                0x000011d8       0xd0 ./Per_Driver/SPI4_LCD/Src/lcd_mcal.o

.debug_rnglists
                0x00000000      0xe67
 .debug_rnglists
                0x00000000       0x42 ./Core/Src/main.o
 .debug_rnglists
                0x00000042       0x3f ./Core/Src/stm32h7xx_hal_msp.o
 .debug_rnglists
                0x00000081       0x43 ./Core/Src/stm32h7xx_it.o
 .debug_rnglists
                0x000000c4       0x21 ./Core/Src/system_stm32h7xx.o
 .debug_rnglists
                0x000000e5       0x19 ./Core/Startup/startup_stm32h750vbtx.o
 .debug_rnglists
                0x000000fe      0x131 ./Drivers/STM32H7xx_HAL_Driver/Src/stm32h7xx_hal.o
 .debug_rnglists
                0x0000022f       0xe0 ./Drivers/STM32H7xx_HAL_Driver/Src/stm32h7xx_hal_cortex.o
 .debug_rnglists
                0x0000030f       0x3f ./Drivers/STM32H7xx_HAL_Driver/Src/stm32h7xx_hal_gpio.o
 .debug_rnglists
                0x0000034e      0x103 ./Drivers/STM32H7xx_HAL_Driver/Src/stm32h7xx_hal_pwr_ex.o
 .debug_rnglists
                0x00000451      0x101 ./Drivers/STM32H7xx_HAL_Driver/Src/stm32h7xx_hal_qspi.o
 .debug_rnglists
                0x00000552       0x68 ./Drivers/STM32H7xx_HAL_Driver/Src/stm32h7xx_hal_rcc.o
 .debug_rnglists
                0x000005ba       0xc0 ./Drivers/STM32H7xx_HAL_Driver/Src/stm32h7xx_hal_rcc_ex.o
 .debug_rnglists
                0x0000067a      0x148 ./Drivers/STM32H7xx_HAL_Driver/Src/stm32h7xx_hal_spi.o
 .debug_rnglists
                0x000007c2      0x328 ./Drivers/STM32H7xx_HAL_Driver/Src/stm32h7xx_hal_tim.o
 .debug_rnglists
                0x00000aea      0x13f ./Drivers/STM32H7xx_HAL_Driver/Src/stm32h7xx_hal_tim_ex.o
 .debug_rnglists
                0x00000c29       0x6d ./Per_Driver/QSPI_Flash/Src/qspi_flash.o
 .debug_rnglists
                0x00000c96       0x5b ./Per_Driver/SPI4_LCD/Src/lcd_app.o
 .debug_rnglists
                0x00000cf1       0xb6 ./Per_Driver/SPI4_LCD/Src/lcd_driver_st7735.o
 .debug_rnglists
                0x00000da7       0x25 ./Per_Driver/SPI4_LCD/Src/lcd_driver_st7735_reg.o
 .debug_rnglists
                0x00000dcc       0x9b ./Per_Driver/SPI4_LCD/Src/lcd_mcal.o

.debug_macro    0x00000000    0x386c6
 .debug_macro   0x00000000      0x2e9 ./Core/Src/main.o
 .debug_macro   0x000002e9      0xaf6 ./Core/Src/main.o
 .debug_macro   0x00000ddf      0x23e ./Core/Src/main.o
 .debug_macro   0x0000101d       0x2e ./Core/Src/main.o
 .debug_macro   0x0000104b       0x3b ./Core/Src/main.o
 .debug_macro   0x00001086       0x22 ./Core/Src/main.o
 .debug_macro   0x000010a8       0x8e ./Core/Src/main.o
 .debug_macro   0x00001136       0x51 ./Core/Src/main.o
 .debug_macro   0x00001187      0x103 ./Core/Src/main.o
 .debug_macro   0x0000128a       0x6a ./Core/Src/main.o
 .debug_macro   0x000012f4      0x1df ./Core/Src/main.o
 .debug_macro   0x000014d3       0x1c ./Core/Src/main.o
 .debug_macro   0x000014ef       0x22 ./Core/Src/main.o
 .debug_macro   0x00001511       0xfb ./Core/Src/main.o
 .debug_macro   0x0000160c     0x1305 ./Core/Src/main.o
 .debug_macro   0x00002911      0x11f ./Core/Src/main.o
 .debug_macro   0x00002a30       0x27 ./Core/Src/main.o
 .debug_macro   0x00002a57    0x26197 ./Core/Src/main.o
 .debug_macro   0x00028bee       0x6d ./Core/Src/main.o
 .debug_macro   0x00028c5b     0x3d79 ./Core/Src/main.o
 .debug_macro   0x0002c9d4      0x190 ./Core/Src/main.o
 .debug_macro   0x0002cb64       0x61 ./Core/Src/main.o
 .debug_macro   0x0002cbc5       0x29 ./Core/Src/main.o
 .debug_macro   0x0002cbee       0x43 ./Core/Src/main.o
 .debug_macro   0x0002cc31       0x34 ./Core/Src/main.o
 .debug_macro   0x0002cc65      0x370 ./Core/Src/main.o
 .debug_macro   0x0002cfd5       0x16 ./Core/Src/main.o
 .debug_macro   0x0002cfeb       0x4a ./Core/Src/main.o
 .debug_macro   0x0002d035       0x34 ./Core/Src/main.o
 .debug_macro   0x0002d069       0x10 ./Core/Src/main.o
 .debug_macro   0x0002d079       0x58 ./Core/Src/main.o
 .debug_macro   0x0002d0d1       0x8e ./Core/Src/main.o
 .debug_macro   0x0002d15f       0x1c ./Core/Src/main.o
 .debug_macro   0x0002d17b      0x185 ./Core/Src/main.o
 .debug_macro   0x0002d300      0x19b ./Core/Src/main.o
 .debug_macro   0x0002d49b       0x5d ./Core/Src/main.o
 .debug_macro   0x0002d4f8     0x240e ./Core/Src/main.o
 .debug_macro   0x0002f906     0x102c ./Core/Src/main.o
 .debug_macro   0x00030932      0x154 ./Core/Src/main.o
 .debug_macro   0x00030a86      0x114 ./Core/Src/main.o
 .debug_macro   0x00030b9a      0x3b6 ./Core/Src/main.o
 .debug_macro   0x00030f50       0xac ./Core/Src/main.o
 .debug_macro   0x00030ffc      0x72d ./Core/Src/main.o
 .debug_macro   0x00031729      0x228 ./Core/Src/main.o
 .debug_macro   0x00031951       0x66 ./Core/Src/main.o
 .debug_macro   0x000319b7      0x3bb ./Core/Src/main.o
 .debug_macro   0x00031d72      0x3e4 ./Core/Src/main.o
 .debug_macro   0x00032156      0x275 ./Core/Src/main.o
 .debug_macro   0x000323cb      0x3ca ./Core/Src/main.o
 .debug_macro   0x00032795      0x3de ./Core/Src/main.o
 .debug_macro   0x00032b73       0x3c ./Core/Src/main.o
 .debug_macro   0x00032baf       0x4a ./Core/Src/main.o
 .debug_macro   0x00032bf9      0x22c ./Core/Src/main.o
 .debug_macro   0x00032e25       0x67 ./Core/Src/main.o
 .debug_macro   0x00032e8c       0xa5 ./Core/Src/main.o
 .debug_macro   0x00032f31      0x1c4 ./Core/Src/main.o
 .debug_macro   0x000330f5      0x25e ./Core/Src/main.o
 .debug_macro   0x00033353       0x35 ./Core/Src/main.o
 .debug_macro   0x00033388       0x16 ./Core/Src/main.o
 .debug_macro   0x0003339e      0x2ce ./Core/Src/main.o
 .debug_macro   0x0003366c      0x5e4 ./Core/Src/main.o
 .debug_macro   0x00033c50       0xc1 ./Core/Src/main.o
 .debug_macro   0x00033d11      0xafa ./Core/Src/main.o
 .debug_macro   0x0003480b      0x29f ./Core/Src/main.o
 .debug_macro   0x00034aaa      0x5ac ./Core/Src/main.o
 .debug_macro   0x00035056       0x1c ./Core/Src/main.o
 .debug_macro   0x00035072       0xee ./Core/Src/main.o
 .debug_macro   0x00035160      0x2d6 ./Core/Src/stm32h7xx_hal_msp.o
 .debug_macro   0x00035436      0x2e0 ./Core/Src/stm32h7xx_it.o
 .debug_macro   0x00035716      0x2c7 ./Core/Src/system_stm32h7xx.o
 .debug_macro   0x000359dd      0x2f1 ./Drivers/STM32H7xx_HAL_Driver/Src/stm32h7xx_hal.o
 .debug_macro   0x00035cce      0x2c7 ./Drivers/STM32H7xx_HAL_Driver/Src/stm32h7xx_hal_cortex.o
 .debug_macro   0x00035f95      0x2ce ./Drivers/STM32H7xx_HAL_Driver/Src/stm32h7xx_hal_gpio.o
 .debug_macro   0x00036263      0x300 ./Drivers/STM32H7xx_HAL_Driver/Src/stm32h7xx_hal_pwr_ex.o
 .debug_macro   0x00036563      0x2eb ./Drivers/STM32H7xx_HAL_Driver/Src/stm32h7xx_hal_qspi.o
 .debug_macro   0x0003684e      0x2eb ./Drivers/STM32H7xx_HAL_Driver/Src/stm32h7xx_hal_rcc.o
 .debug_macro   0x00036b39      0x2e5 ./Drivers/STM32H7xx_HAL_Driver/Src/stm32h7xx_hal_rcc_ex.o
 .debug_macro   0x00036e1e      0x2cf ./Drivers/STM32H7xx_HAL_Driver/Src/stm32h7xx_hal_spi.o
 .debug_macro   0x000370ed      0x2c8 ./Drivers/STM32H7xx_HAL_Driver/Src/stm32h7xx_hal_tim.o
 .debug_macro   0x000373b5      0x2c7 ./Drivers/STM32H7xx_HAL_Driver/Src/stm32h7xx_hal_tim_ex.o
 .debug_macro   0x0003767c      0x2ee ./Per_Driver/QSPI_Flash/Src/qspi_flash.o
 .debug_macro   0x0003796a       0xe8 ./Per_Driver/QSPI_Flash/Src/qspi_flash.o
 .debug_macro   0x00037a52      0x39b ./Per_Driver/SPI4_LCD/Src/lcd_app.o
 .debug_macro   0x00037ded      0x154 ./Per_Driver/SPI4_LCD/Src/lcd_app.o
 .debug_macro   0x00037f41       0x9e ./Per_Driver/SPI4_LCD/Src/lcd_app.o
 .debug_macro   0x00037fdf       0x1c ./Per_Driver/SPI4_LCD/Src/lcd_app.o
 .debug_macro   0x00037ffb      0x11e ./Per_Driver/SPI4_LCD/Src/lcd_app.o
 .debug_macro   0x00038119       0x94 ./Per_Driver/SPI4_LCD/Src/lcd_driver_st7735.o
 .debug_macro   0x000381ad      0x14e ./Per_Driver/SPI4_LCD/Src/lcd_driver_st7735.o
 .debug_macro   0x000382fb       0x7c ./Per_Driver/SPI4_LCD/Src/lcd_driver_st7735_reg.o
 .debug_macro   0x00038377      0x34f ./Per_Driver/SPI4_LCD/Src/lcd_mcal.o

.debug_line     0x00000000    0x16f73
 .debug_line    0x00000000      0xbe8 ./Core/Src/main.o
 .debug_line    0x00000be8      0xa76 ./Core/Src/stm32h7xx_hal_msp.o
 .debug_line    0x0000165e      0x9bc ./Core/Src/stm32h7xx_it.o
 .debug_line    0x0000201a      0xb0c ./Core/Src/system_stm32h7xx.o
 .debug_line    0x00002b26       0x7b ./Core/Startup/startup_stm32h750vbtx.o
 .debug_line    0x00002ba1      0xee5 ./Drivers/STM32H7xx_HAL_Driver/Src/stm32h7xx_hal.o
 .debug_line    0x00003a86      0xecf ./Drivers/STM32H7xx_HAL_Driver/Src/stm32h7xx_hal_cortex.o
 .debug_line    0x00004955      0xd6e ./Drivers/STM32H7xx_HAL_Driver/Src/stm32h7xx_hal_gpio.o
 .debug_line    0x000056c3     0x1069 ./Drivers/STM32H7xx_HAL_Driver/Src/stm32h7xx_hal_pwr_ex.o
 .debug_line    0x0000672c     0x1530 ./Drivers/STM32H7xx_HAL_Driver/Src/stm32h7xx_hal_qspi.o
 .debug_line    0x00007c5c     0x158c ./Drivers/STM32H7xx_HAL_Driver/Src/stm32h7xx_hal_rcc.o
 .debug_line    0x000091e8     0x1e98 ./Drivers/STM32H7xx_HAL_Driver/Src/stm32h7xx_hal_rcc_ex.o
 .debug_line    0x0000b080     0x2277 ./Drivers/STM32H7xx_HAL_Driver/Src/stm32h7xx_hal_spi.o
 .debug_line    0x0000d2f7     0x4039 ./Drivers/STM32H7xx_HAL_Driver/Src/stm32h7xx_hal_tim.o
 .debug_line    0x00011330     0x1dab ./Drivers/STM32H7xx_HAL_Driver/Src/stm32h7xx_hal_tim_ex.o
 .debug_line    0x000130db      0xd3e ./Per_Driver/QSPI_Flash/Src/qspi_flash.o
 .debug_line    0x00013e19      0xe85 ./Per_Driver/SPI4_LCD/Src/lcd_app.o
 .debug_line    0x00014c9e     0x10b1 ./Per_Driver/SPI4_LCD/Src/lcd_driver_st7735.o
 .debug_line    0x00015d4f      0x4c2 ./Per_Driver/SPI4_LCD/Src/lcd_driver_st7735_reg.o
 .debug_line    0x00016211      0xd62 ./Per_Driver/SPI4_LCD/Src/lcd_mcal.o

.debug_str      0x00000000   0x16622b
 .debug_str     0x00000000   0x16622b ./Core/Src/main.o
                             0x160267 (size before relaxing)
 .debug_str     0x0016622b   0x15fadb ./Core/Src/stm32h7xx_hal_msp.o
 .debug_str     0x0016622b   0x15e70c ./Core/Src/stm32h7xx_it.o
 .debug_str     0x0016622b   0x15ebbd ./Core/Src/system_stm32h7xx.o
 .debug_str     0x0016622b       0x92 ./Core/Startup/startup_stm32h750vbtx.o
 .debug_str     0x0016622b   0x15faa3 ./Drivers/STM32H7xx_HAL_Driver/Src/stm32h7xx_hal.o
 .debug_str     0x0016622b   0x15f4de ./Drivers/STM32H7xx_HAL_Driver/Src/stm32h7xx_hal_cortex.o
 .debug_str     0x0016622b   0x15eb35 ./Drivers/STM32H7xx_HAL_Driver/Src/stm32h7xx_hal_gpio.o
 .debug_str     0x0016622b   0x15eff6 ./Drivers/STM32H7xx_HAL_Driver/Src/stm32h7xx_hal_pwr_ex.o
 .debug_str     0x0016622b   0x15f28f ./Drivers/STM32H7xx_HAL_Driver/Src/stm32h7xx_hal_qspi.o
 .debug_str     0x0016622b   0x15ef19 ./Drivers/STM32H7xx_HAL_Driver/Src/stm32h7xx_hal_rcc.o
 .debug_str     0x0016622b   0x15f3fa ./Drivers/STM32H7xx_HAL_Driver/Src/stm32h7xx_hal_rcc_ex.o
 .debug_str     0x0016622b   0x15f23d ./Drivers/STM32H7xx_HAL_Driver/Src/stm32h7xx_hal_spi.o
 .debug_str     0x0016622b   0x15fcb8 ./Drivers/STM32H7xx_HAL_Driver/Src/stm32h7xx_hal_tim.o
 .debug_str     0x0016622b   0x15f5e0 ./Drivers/STM32H7xx_HAL_Driver/Src/stm32h7xx_hal_tim_ex.o
 .debug_str     0x0016622b   0x15f4a8 ./Per_Driver/QSPI_Flash/Src/qspi_flash.o
 .debug_str     0x0016622b   0x160750 ./Per_Driver/SPI4_LCD/Src/lcd_app.o
 .debug_str     0x0016622b     0x4ec7 ./Per_Driver/SPI4_LCD/Src/lcd_driver_st7735.o
 .debug_str     0x0016622b     0x4497 ./Per_Driver/SPI4_LCD/Src/lcd_driver_st7735_reg.o
 .debug_str     0x0016622b   0x15fc01 ./Per_Driver/SPI4_LCD/Src/lcd_mcal.o

.comment        0x00000000       0x43
 .comment       0x00000000       0x43 ./Core/Src/main.o
                                 0x44 (size before relaxing)
 .comment       0x00000043       0x44 ./Core/Src/stm32h7xx_hal_msp.o
 .comment       0x00000043       0x44 ./Core/Src/stm32h7xx_it.o
 .comment       0x00000043       0x44 ./Core/Src/system_stm32h7xx.o
 .comment       0x00000043       0x44 ./Drivers/STM32H7xx_HAL_Driver/Src/stm32h7xx_hal.o
 .comment       0x00000043       0x44 ./Drivers/STM32H7xx_HAL_Driver/Src/stm32h7xx_hal_cortex.o
 .comment       0x00000043       0x44 ./Drivers/STM32H7xx_HAL_Driver/Src/stm32h7xx_hal_gpio.o
 .comment       0x00000043       0x44 ./Drivers/STM32H7xx_HAL_Driver/Src/stm32h7xx_hal_pwr_ex.o
 .comment       0x00000043       0x44 ./Drivers/STM32H7xx_HAL_Driver/Src/stm32h7xx_hal_qspi.o
 .comment       0x00000043       0x44 ./Drivers/STM32H7xx_HAL_Driver/Src/stm32h7xx_hal_rcc.o
 .comment       0x00000043       0x44 ./Drivers/STM32H7xx_HAL_Driver/Src/stm32h7xx_hal_rcc_ex.o
 .comment       0x00000043       0x44 ./Drivers/STM32H7xx_HAL_Driver/Src/stm32h7xx_hal_spi.o
 .comment       0x00000043       0x44 ./Drivers/STM32H7xx_HAL_Driver/Src/stm32h7xx_hal_tim.o
 .comment       0x00000043       0x44 ./Drivers/STM32H7xx_HAL_Driver/Src/stm32h7xx_hal_tim_ex.o
 .comment       0x00000043       0x44 ./Per_Driver/QSPI_Flash/Src/qspi_flash.o
 .comment       0x00000043       0x44 ./Per_Driver/SPI4_LCD/Src/lcd_app.o
 .comment       0x00000043       0x44 ./Per_Driver/SPI4_LCD/Src/lcd_driver_st7735.o
 .comment       0x00000043       0x44 ./Per_Driver/SPI4_LCD/Src/lcd_driver_st7735_reg.o
 .comment       0x00000043       0x44 ./Per_Driver/SPI4_LCD/Src/lcd_mcal.o

.debug_frame    0x00000000     0x4e9c
 .debug_frame   0x00000000      0x10c ./Core/Src/main.o
 .debug_frame   0x0000010c      0x144 ./Core/Src/stm32h7xx_hal_msp.o
 .debug_frame   0x00000250      0x104 ./Core/Src/stm32h7xx_it.o
 .debug_frame   0x00000354       0x78 ./Core/Src/system_stm32h7xx.o
 .debug_frame   0x000003cc      0x690 ./Drivers/STM32H7xx_HAL_Driver/Src/stm32h7xx_hal.o
 .debug_frame   0x00000a5c      0x508 ./Drivers/STM32H7xx_HAL_Driver/Src/stm32h7xx_hal_cortex.o
 .debug_frame   0x00000f64      0x14c ./Drivers/STM32H7xx_HAL_Driver/Src/stm32h7xx_hal_gpio.o
 .debug_frame   0x000010b0      0x580 ./Drivers/STM32H7xx_HAL_Driver/Src/stm32h7xx_hal_pwr_ex.o
 .debug_frame   0x00001630      0x5ec ./Drivers/STM32H7xx_HAL_Driver/Src/stm32h7xx_hal_qspi.o
 .debug_frame   0x00001c1c      0x1f8 ./Drivers/STM32H7xx_HAL_Driver/Src/stm32h7xx_hal_rcc.o
 .debug_frame   0x00001e14      0x414 ./Drivers/STM32H7xx_HAL_Driver/Src/stm32h7xx_hal_rcc_ex.o
 .debug_frame   0x00002228      0x7a8 ./Drivers/STM32H7xx_HAL_Driver/Src/stm32h7xx_hal_spi.o
 .debug_frame   0x000029d0     0x121c ./Drivers/STM32H7xx_HAL_Driver/Src/stm32h7xx_hal_tim.o
 .debug_frame   0x00003bec      0x6d8 ./Drivers/STM32H7xx_HAL_Driver/Src/stm32h7xx_hal_tim_ex.o
 .debug_frame   0x000042c4      0x20c ./Per_Driver/QSPI_Flash/Src/qspi_flash.o
 .debug_frame   0x000044d0      0x1d8 ./Per_Driver/SPI4_LCD/Src/lcd_app.o
 .debug_frame   0x000046a8      0x3dc ./Per_Driver/SPI4_LCD/Src/lcd_driver_st7735.o
 .debug_frame   0x00004a84       0xa4 ./Per_Driver/SPI4_LCD/Src/lcd_driver_st7735_reg.o
 .debug_frame   0x00004b28      0x328 ./Per_Driver/SPI4_LCD/Src/lcd_mcal.o
 .debug_frame   0x00004e50       0x20 C:/ST/STM32CubeIDE_1.18.1/STM32CubeIDE/plugins/com.st.stm32cube.ide.mcu.externaltools.gnu-tools-for-stm32.13.3.rel1.win32_1.0.0.202411081344/tools/bin/../lib/gcc/arm-none-eabi/13.3.1/../../../../arm-none-eabi/lib/thumb/v7e-m+dp/hard\libc_nano.a(libc_a-memset.o)
 .debug_frame   0x00004e70       0x2c C:/ST/STM32CubeIDE_1.18.1/STM32CubeIDE/plugins/com.st.stm32cube.ide.mcu.externaltools.gnu-tools-for-stm32.13.3.rel1.win32_1.0.0.202411081344/tools/bin/../lib/gcc/arm-none-eabi/13.3.1/../../../../arm-none-eabi/lib/thumb/v7e-m+dp/hard\libc_nano.a(libc_a-init.o)

.debug_line_str
                0x00000000       0x76
 .debug_line_str
                0x00000000       0x76 ./Core/Startup/startup_stm32h750vbtx.o
