../Peripherals/QSPI_Flash/Src/qspi_flash.c:34:26:QSPI_Flash_Init	24	static
../Peripherals/QSPI_Flash/Src/qspi_flash.c:71:26:QSPI_Flash_Reset	72	static
../Peripherals/QSPI_Flash/Src/qspi_flash.c:120:26:QSPI_Flash_ReadID	80	static
../Peripherals/QSPI_Flash/Src/qspi_flash.c:157:26:QSPI_Flash_ReadJEDEC	80	static
../Peripherals/QSPI_Flash/Src/qspi_flash.c:189:33:QSPI_Flash_BytesFromJedecDensity	16	static
../Peripherals/QSPI_Flash/Src/qspi_flash.c:203:26:QSPI_Flash_GetSize	40	static
../Peripherals/QSPI_Flash/Src/qspi_flash.c:231:26:QSPI_Flash_EraseSector	80	static
../Peripherals/QSPI_Flash/Src/qspi_flash.c:269:26:QSPI_Flash_EraseBlock32K	80	static
../Peripherals/QSPI_Flash/Src/qspi_flash.c:307:26:QSPI_Flash_EraseBlock64K	80	static
../Peripherals/QSPI_Flash/Src/qspi_flash.c:345:26:QSPI_Flash_EraseChip	80	static
../Peripherals/QSPI_Flash/Src/qspi_flash.c:381:26:QSPI_Flash_WritePage	88	static
../Peripherals/QSPI_Flash/Src/qspi_flash.c:435:26:QSPI_Flash_Write	48	static
../Peripherals/QSPI_Flash/Src/qspi_flash.c:470:26:QSPI_Flash_Read	88	static
../Peripherals/QSPI_Flash/Src/qspi_flash.c:508:26:QSPI_Flash_EnableMemoryMappedMode	80	static
../Peripherals/QSPI_Flash/Src/qspi_flash.c:539:26:QSPI_Flash_DisableMemoryMappedMode	16	static
../Peripherals/QSPI_Flash/Src/qspi_flash.c:555:33:QSPI_Flash_ReadStatusReg2	80	static
../Peripherals/QSPI_Flash/Src/qspi_flash.c:587:33:QSPI_Flash_WriteStatusReg2	80	static
../Peripherals/QSPI_Flash/Src/qspi_flash.c:630:33:QSPI_Flash_EnsureQuadEnable	24	static
../Peripherals/QSPI_Flash/Src/qspi_flash.c:650:33:QSPI_Flash_WriteEnable	104	static
../Peripherals/QSPI_Flash/Src/qspi_flash.c:688:33:QSPI_Flash_AutoPollingMemReady	96	static
../Peripherals/QSPI_Flash/Src/qspi_flash.c:716:33:QSPI_Flash_HALToStatus	16	static
