../Drivers/CMSIS/Include/core_cm7.h:2156:34:__NVIC_SystemReset	4	static,ignoring_inline_asm
../Core/Src/main.c:72:6:system_reset	8	static
../Core/Src/main.c:87:5:main	32	static,ignoring_inline_asm
../Core/Src/main.c:198:6:SystemClock_Config	120	static
../Core/Src/main.c:257:13:MX_QUADSPI_Init	8	static
../Core/Src/main.c:292:13:MX_SPI4_Init	8	static
../Core/Src/main.c:340:13:MX_TIM1_Init	96	static
../Core/Src/main.c:410:13:MX_USART1_UART_Init	8	static
../Core/Src/main.c:458:13:MX_GPIO_Init	48	static
../Core/Src/main.c:493:6:MPU_Config	24	static
../Core/Src/main.c:533:6:Error_Handler	4	static,ignoring_inline_asm
