../Drivers/CMSIS/Include/core_cm7.h:2156:34:__NVIC_SystemReset	4	static,ignoring_inline_asm
../Core/Src/main.c:71:6:system_reset	8	static
../Core/Src/main.c:86:5:main	48	static,ignoring_inline_asm
../Core/Src/main.c:200:6:SystemClock_Config	120	static
../Core/Src/main.c:259:13:MX_QUADSPI_Init	8	static
../Core/Src/main.c:294:13:MX_SPI4_Init	8	static
../Core/Src/main.c:342:13:MX_TIM1_Init	96	static
../Core/Src/main.c:412:13:MX_USART1_UART_Init	8	static
../Core/Src/main.c:460:13:MX_GPIO_Init	48	static
../Core/Src/main.c:495:6:MPU_Config	24	static
../Core/Src/main.c:539:6:Error_Handler	4	static,ignoring_inline_asm
