../Drivers/CMSIS/Include/core_cm7.h:2156:34:__NVIC_SystemReset	4	static,ignoring_inline_asm
../Features/qspi_app_load/src/qspi_app_load.c:47:6:qspi_app_erase_flash_sector	16	static
../Features/qspi_app_load/src/qspi_app_load.c:52:6:qspi_app_write_flash	24	static
../Features/qspi_app_load/src/qspi_app_load.c:62:13:flash_uart_wait_tx_done	16	static
../Features/qspi_app_load/src/qspi_app_load.c:77:13:flash_uart_send_ack	16	static
../Features/qspi_app_load/src/qspi_app_load.c:87:13:flash_uart_recv_byte	16	static
../Features/qspi_app_load/src/qspi_app_load.c:96:13:flash_uart_drain_rx	16	static
../Features/qspi_app_load/src/qspi_app_load.c:106:13:flash_uart_recv_exact	24	static
../Features/qspi_app_load/src/qspi_app_load.c:124:13:flash_receive_image_size	32	static
../Features/qspi_app_load/src/qspi_app_load.c:171:17:flash_sectors_to_erase	24	static
../Features/qspi_app_load/src/qspi_app_load.c:179:13:flash_cleaning	32	static
../Features/qspi_app_load/src/qspi_app_load.c:208:13:flash_writing	288	static
../Features/qspi_app_load/src/qspi_app_load.c:257:13:flash_load_session_abort	8	static
../Features/qspi_app_load/src/qspi_app_load.c:266:13:flash_load_session_complete	8	static
../Features/qspi_app_load/src/qspi_app_load.c:275:6:qspi_new_app_load	16	static
