../Drivers/CMSIS/Include/core_cm7.h:2156:34:__NVIC_SystemReset	4	static,ignoring_inline_asm
../Features/qspi_app_load/src/qspi_app_load.c:46:6:qspi_app_erase_flash_sector	16	static
../Features/qspi_app_load/src/qspi_app_load.c:51:6:qspi_app_write_flash	24	static
../Features/qspi_app_load/src/qspi_app_load.c:61:13:flash_uart_wait_tx_done	16	static
../Features/qspi_app_load/src/qspi_app_load.c:76:13:flash_uart_send_ack	16	static
../Features/qspi_app_load/src/qspi_app_load.c:86:13:flash_uart_recv_byte	16	static
../Features/qspi_app_load/src/qspi_app_load.c:91:13:flash_uart_recv_exact	24	static
../Features/qspi_app_load/src/qspi_app_load.c:109:13:flash_receive_image_size	24	static
../Features/qspi_app_load/src/qspi_app_load.c:142:13:flash_cleaning	16	static
../Features/qspi_app_load/src/qspi_app_load.c:165:13:flash_writing	280	static
../Features/qspi_app_load/src/qspi_app_load.c:225:13:flash_load_session_abort	8	static
../Features/qspi_app_load/src/qspi_app_load.c:234:13:flash_load_session_complete	8	static
../Features/qspi_app_load/src/qspi_app_load.c:243:6:qspi_new_app_load	8	static
