../Per_Driver/SPI4_LCD/Src/lcd_mcal.c:26:13:mcal_refresh_metrics	4	static
../Per_Driver/SPI4_LCD/Src/lcd_mcal.c:42:13:mcal_wrap_if_needed	4	static
../Per_Driver/SPI4_LCD/Src/lcd_mcal.c:61:13:mcal_advance_cursor	8	static
../Per_Driver/SPI4_LCD/Src/lcd_mcal.c:67:10:lcd_mcal_rgb888_to_rgb565	16	static
../Per_Driver/SPI4_LCD/Src/lcd_mcal.c:73:6:lcd_bg_fg	16	static
../Per_Driver/SPI4_LCD/Src/lcd_mcal.c:82:6:lcd_size	16	static
../Per_Driver/SPI4_LCD/Src/lcd_mcal.c:95:6:lcd_backlight	24	static
../Per_Driver/SPI4_LCD/Src/lcd_mcal.c:109:6:lcd_breath_in	16	static
../Per_Driver/SPI4_LCD/Src/lcd_mcal.c:118:6:lcd_breath_out	16	static
../Per_Driver/SPI4_LCD/Src/lcd_mcal.c:128:6:lcd_clear	24	static
../Per_Driver/SPI4_LCD/Src/lcd_mcal.c:141:6:lcd_print_char	32	static
../Per_Driver/SPI4_LCD/Src/lcd_mcal.c:166:6:lcd_print_message	16	static
../Per_Driver/SPI4_LCD/Src/lcd_mcal.c:180:6:lcd_init	8	static
../Per_Driver/SPI4_LCD/Src/lcd_mcal.c:211:10:lcd_mcal_color565	16	static
../Per_Driver/SPI4_LCD/Src/lcd_mcal.c:271:6:lcd_stm32h7_backlight	16	static
../Per_Driver/SPI4_LCD/Src/lcd_mcal.c:280:6:lcd_stm32h7_breathin	8	static
../Per_Driver/SPI4_LCD/Src/lcd_mcal.c:285:6:lcd_stm32h7_breathout	8	static
../Per_Driver/SPI4_LCD/Src/lcd_mcal.c:290:6:lcd_stm32h7_color	24	static
../Per_Driver/SPI4_LCD/Src/lcd_mcal.c:295:9:lcd_stm32h7_size	16	static
../Per_Driver/SPI4_LCD/Src/lcd_mcal.c:306:6:lcd_stm32h7_char	16	static
../Per_Driver/SPI4_LCD/Src/lcd_mcal.c:316:6:lcd_stm32h7_message	16	static
../Per_Driver/SPI4_LCD/Src/lcd_mcal.c:321:6:lcd_stm32h7_clear	8	static
../Per_Driver/SPI4_LCD/Src/lcd_mcal.c:326:6:lcd_stm32h7_init	8	static
