../Peripherals/SPI4_LCD/Src/lcd_mcal.c:30:13:mcal_refresh_metrics	4	static
../Peripherals/SPI4_LCD/Src/lcd_mcal.c:46:13:mcal_wrap_if_needed	4	static
../Peripherals/SPI4_LCD/Src/lcd_mcal.c:65:13:mcal_advance_cursor	8	static
../Peripherals/SPI4_LCD/Src/lcd_mcal.c:71:10:lcd_mcal_rgb888_to_rgb565	16	static
../Peripherals/SPI4_LCD/Src/lcd_mcal.c:77:6:lcd_bg_fg	16	static
../Peripherals/SPI4_LCD/Src/lcd_mcal.c:86:6:lcd_size	16	static
../Peripherals/SPI4_LCD/Src/lcd_mcal.c:99:6:lcd_backlight	24	static
../Peripherals/SPI4_LCD/Src/lcd_mcal.c:113:6:lcd_breath_in	16	static
../Peripherals/SPI4_LCD/Src/lcd_mcal.c:122:6:lcd_breath_out	16	static
../Peripherals/SPI4_LCD/Src/lcd_mcal.c:132:6:lcd_clear	24	static
../Peripherals/SPI4_LCD/Src/lcd_mcal.c:146:6:lcd_print_char	32	static
../Peripherals/SPI4_LCD/Src/lcd_mcal.c:171:6:lcd_print_message	16	static
../Peripherals/SPI4_LCD/Src/lcd_mcal.c:185:6:lcd_init	8	static
../Peripherals/SPI4_LCD/Src/lcd_mcal.c:216:10:lcd_mcal_color565	16	static
../Peripherals/SPI4_LCD/Src/lcd_mcal.c:276:6:lcd_stm32h7_backlight	16	static
../Peripherals/SPI4_LCD/Src/lcd_mcal.c:285:6:lcd_stm32h7_breathin	8	static
../Peripherals/SPI4_LCD/Src/lcd_mcal.c:290:6:lcd_stm32h7_breathout	8	static
../Peripherals/SPI4_LCD/Src/lcd_mcal.c:295:6:lcd_stm32h7_color	24	static
../Peripherals/SPI4_LCD/Src/lcd_mcal.c:300:9:lcd_stm32h7_size	16	static
../Peripherals/SPI4_LCD/Src/lcd_mcal.c:311:6:lcd_stm32h7_char	16	static
../Peripherals/SPI4_LCD/Src/lcd_mcal.c:321:6:lcd_stm32h7_message	16	static
../Peripherals/SPI4_LCD/Src/lcd_mcal.c:326:6:lcd_stm32h7_dynamic_update	48	static
../Peripherals/SPI4_LCD/Src/lcd_mcal.c:366:6:lcd_stm32h7_clear	8	static
../Peripherals/SPI4_LCD/Src/lcd_mcal.c:371:6:lcd_stm32h7_init	8	static
