../Peripherals/SPI4_LCD/Src/lcd_app.c:42:6:LCD_Test	48	static
../Peripherals/SPI4_LCD/Src/lcd_app.c:104:6:LCD_SetBrightness	24	static
../Peripherals/SPI4_LCD/Src/lcd_app.c:131:10:LCD_GetBrightness	4	static
../Peripherals/SPI4_LCD/Src/lcd_app.c:140:6:LCD_Light	48	static
../Peripherals/SPI4_LCD/Src/lcd_app.c:188:6:LCD_ShowChar	128	dynamic
../Peripherals/SPI4_LCD/Src/lcd_app.c:272:6:LCD_ShowString	40	static
../Peripherals/SPI4_LCD/Src/lcd_app.c:287:16:lcd_init	16	static
../Peripherals/SPI4_LCD/Src/lcd_app.c:294:16:lcd_gettick	8	static
../Peripherals/SPI4_LCD/Src/lcd_app.c:299:16:lcd_writereg	32	static
../Peripherals/SPI4_LCD/Src/lcd_app.c:316:16:lcd_readreg	24	static
../Peripherals/SPI4_LCD/Src/lcd_app.c:333:16:lcd_senddata	24	static
../Peripherals/SPI4_LCD/Src/lcd_app.c:347:16:lcd_recvdata	24	static
